Log file created at: 2020/09/22 19:04:49
Running on machine: pc
Log line format: [IWEF]mmdd hh:mm:ss.uuuuuu threadid file:line] msg
I0922 19:04:49.772745  6669 global.h:32] NewGlobal 14cudaDeviceProp
I0922 19:04:49.801738  6669 global.h:32] NewGlobal N7oneflow7EnvDescE
I0922 19:04:49.801787  6669 global.h:32] NewGlobal N7oneflow10CtrlServerE
I0922 19:04:49.805022  6669 ctrl_server.cpp:54] CtrlServer listening on 0.0.0.0:59165
I0922 19:04:49.805091  6669 global.h:32] NewGlobal N7oneflow10CtrlClientE
I0922 19:04:49.805549  6669 ctrl_client.cpp:202] LoadServer 127.0.0.1 Successful at 0 times
I0922 19:04:49.805593  6669 global.h:32] NewGlobal N7oneflow10MachineCtxE
I0922 19:04:49.805610  6669 machine_context.cpp:33] this machine id: 0
I0922 19:04:49.805635  6669 global.h:32] NewGlobal N7oneflow12ResourceDescE
I0922 19:04:49.805647  6669 global.h:32] NewGlobal N7oneflow12ResourceDescE
I0922 19:04:49.805655  6669 global.h:32] NewGlobal N7oneflow10ThreadPoolE
I0922 19:04:49.805796  6669 global.h:32] NewGlobal N7oneflow2vm19VirtualMachineScopeE
I0922 19:04:49.805809  6669 global.h:32] NewGlobal N7oneflow9OneflowVME
I0922 19:04:49.806836  6669 global.h:32] NewGlobal N7oneflow27EagerJobBuildAndInferCtxMgrE
I0922 19:04:49.806849  6669 global.h:32] NewGlobal N7oneflow16EagerNcclCommMgrE
I0922 19:04:49.814853  6669 job_desc.cpp:79] Set piece_num_of_experiment_phase 19
I0922 19:04:49.816413  6669 global.h:37] DeleteGlobal N7oneflow12ResourceDescE
I0922 19:04:49.816431  6669 version.cpp:62] OneFlow git version: v0.1.10-snapshot
I0922 19:04:49.816439  6669 version.cpp:70] CUDA runtime version: 10.2
I0922 19:04:49.816444  6669 version.cpp:79] cuDNN version: 7.6.5
I0922 19:04:49.816448  6669 version.cpp:90] NCCL version: 2.7.3
I0922 19:04:49.816453  6669 global.h:32] NewGlobal N7oneflow12ResourceDescE
I0922 19:04:49.816457  6669 global.h:32] NewGlobal N7oneflow6IOConfE
I0922 19:04:49.816463  6669 global.h:32] NewGlobal N7oneflow12ProfilerConfE
I0922 19:04:49.816468  6669 global.h:32] NewGlobal N7oneflow5IDMgrE
I0922 19:04:49.816761  6669 global.h:32] NewGlobal N7oneflow16AvailableMemDescE
I0922 19:04:49.816900  6669 global.h:32] NewGlobal St13unordered_mapISslSt4hashISsESt8equal_toISsESaISt4pairIKSslEEE
I0922 19:04:49.816910  6669 global.h:32] NewGlobal N7oneflow19CriticalSectionDescE
I0922 19:04:49.816927  6669 global.h:32] NewGlobal N7oneflow16InterUserJobInfoE
I0922 19:04:49.816932  6669 global.h:32] NewGlobal N7oneflow26LazyJobBuildAndInferCtxMgrE
I0922 19:04:49.816937  6669 global.h:32] NewGlobal N7oneflow18LbiDiffWatcherInfoE
I0922 19:04:49.816946  6669 global.h:32] NewGlobal N7oneflow16JobSetCompileCtxE
I0922 19:04:49.816953  6669 global.h:32] NewGlobal N7oneflow26RuntimeBufferManagersScopeE
I0922 19:04:49.816960  6669 global.h:32] NewGlobal N7oneflow9BufferMgrIlEE
I0922 19:04:49.816964  6669 global.h:32] NewGlobal N7oneflow9BufferMgrISt10shared_ptrINS_18ForeignJobInstanceEEEE
I0922 19:04:49.816969  6669 oneflow_internal_helper.h:132] NewGlobal N7oneflow25SessionGlobalObjectsScopeE
I0922 19:04:49.818651  6669 job_desc.cpp:79] Set piece_num_of_experiment_phase 1
I0922 19:04:49.819003  6669 global.h:32] NewGlobal N7oneflow7JobDescE
I0922 19:04:49.819017  6669 job_desc.cpp:79] Set piece_num_of_experiment_phase 1
I0922 19:04:50.111670  6669 global.h:37] DeleteGlobal N7oneflow7JobDescE
I0922 19:04:50.111716  6669 global.h:32] NewGlobal N7oneflow7JobDescE
I0922 19:04:50.111727  6669 job_desc.cpp:79] Set piece_num_of_experiment_phase 1
I0922 19:04:51.112814  6669 job_desc.cpp:79] Set piece_num_of_experiment_phase 1
I0922 19:04:51.288190  6669 global.h:37] DeleteGlobal N7oneflow7JobDescE
I0922 19:04:51.289129  6669 job_desc.cpp:79] Set piece_num_of_experiment_phase 1
I0922 19:04:51.289518  6669 global.h:32] NewGlobal N7oneflow7JobDescE
I0922 19:04:51.289532  6669 job_desc.cpp:79] Set piece_num_of_experiment_phase 1
I0922 19:04:51.709324  6669 global.h:37] DeleteGlobal N7oneflow7JobDescE
I0922 19:04:51.709369  6669 global.h:32] NewGlobal N7oneflow7JobDescE
I0922 19:04:51.709380  6669 job_desc.cpp:79] Set piece_num_of_experiment_phase 1
I0922 19:04:51.737303  6669 job_desc.cpp:79] Set piece_num_of_experiment_phase 1
I0922 19:04:51.956274  6669 global.h:37] DeleteGlobal N7oneflow7JobDescE
I0922 19:04:51.958436  6669 global.h:32] NewGlobal N7oneflow24InterJobReuseMemStrategyE
I0922 19:04:51.958530  6669 global.h:32] NewGlobal N7oneflow7OneflowE
I0922 19:04:51.962508  6669 job_desc.cpp:79] Set piece_num_of_experiment_phase 19
I0922 19:04:51.963016  6669 job_desc.cpp:79] Set piece_num_of_experiment_phase 19
I0922 19:04:51.963312  6669 job_desc.cpp:79] Set piece_num_of_experiment_phase 19
I0922 19:04:51.963564  6669 job_desc.cpp:79] Set piece_num_of_experiment_phase 1
I0922 19:04:51.963578  6669 job_desc.cpp:79] Set piece_num_of_experiment_phase 1
I0922 19:04:51.963587  6669 job_desc.cpp:79] Set piece_num_of_experiment_phase 19
I0922 19:04:51.963606  6669 job_desc.cpp:79] Set piece_num_of_experiment_phase 19
I0922 19:04:51.963613  6669 job_desc.cpp:79] Set piece_num_of_experiment_phase 19
I0922 19:04:51.964402  6669 global.h:32] NewGlobal N7oneflow7JobDescE
I0922 19:04:51.964417  6669 job_desc.cpp:79] Set piece_num_of_experiment_phase 1
I0922 19:04:52.290714  6669 global.h:32] NewGlobal N7oneflow7OpGraphE
I0922 19:04:52.352345  6669 global.h:37] DeleteGlobal N7oneflow7OpGraphE
I0922 19:04:52.358295  6669 oneflow.cpp:294] compile time: 3.91462e+08
I0922 19:04:52.379209  6669 oneflow.cpp:301] push_pull_plan:4.1414e+08
I0922 19:04:52.383774  6669 oneflow.cpp:326] compile and improve time: 4.19267e+08
I0922 19:04:52.389323  6669 global.h:37] DeleteGlobal N7oneflow7JobDescE
I0922 19:04:52.389546  6669 global.h:32] NewGlobal N7oneflow7JobDescE
I0922 19:04:52.389567  6669 job_desc.cpp:79] Set piece_num_of_experiment_phase 1
I0922 19:04:52.823071  6669 global.h:32] NewGlobal N7oneflow7OpGraphE
I0922 19:04:52.902534  6669 global.h:37] DeleteGlobal N7oneflow7OpGraphE
I0922 19:04:52.911765  6669 oneflow.cpp:294] compile time: 5.1818e+08
I0922 19:04:52.945569  6669 oneflow.cpp:301] push_pull_plan:5.54865e+08
I0922 19:04:52.952718  6669 oneflow.cpp:326] compile and improve time: 5.63003e+08
I0922 19:04:52.962411  6669 global.h:37] DeleteGlobal N7oneflow7JobDescE
I0922 19:04:52.962901  6669 global.h:32] NewGlobal N7oneflow7JobDescE
I0922 19:04:52.963313  6669 job_desc.cpp:79] Set piece_num_of_experiment_phase 19
I0922 19:04:53.021675  6669 global.h:32] NewGlobal N7oneflow7OpGraphE
I0922 19:04:53.034540  6669 global.h:37] DeleteGlobal N7oneflow7OpGraphE
I0922 19:04:53.038117  6669 oneflow.cpp:294] compile time: 7.34758e+07
I0922 19:04:53.048766  6669 oneflow.cpp:301] push_pull_plan:8.4983e+07
I0922 19:04:53.050948  6669 oneflow.cpp:326] compile and improve time: 8.75226e+07
I0922 19:04:53.053398  6669 global.h:37] DeleteGlobal N7oneflow7JobDescE
I0922 19:04:53.053665  6669 global.h:32] NewGlobal N7oneflow7JobDescE
I0922 19:04:53.053680  6669 job_desc.cpp:79] Set piece_num_of_experiment_phase 19
I0922 19:04:53.109513  6669 global.h:32] NewGlobal N7oneflow7OpGraphE
I0922 19:04:53.121304  6669 global.h:37] DeleteGlobal N7oneflow7OpGraphE
I0922 19:04:53.124737  6669 oneflow.cpp:294] compile time: 6.95654e+07
I0922 19:04:53.134605  6669 oneflow.cpp:301] push_pull_plan:8.047e+07
I0922 19:04:53.136595  6669 oneflow.cpp:326] compile and improve time: 8.2828e+07
I0922 19:04:53.138726  6669 global.h:37] DeleteGlobal N7oneflow7JobDescE
I0922 19:04:53.138777  6669 global.h:32] NewGlobal N7oneflow7JobDescE
I0922 19:04:53.138790  6669 job_desc.cpp:79] Set piece_num_of_experiment_phase 19
I0922 19:04:53.186023  6669 global.h:32] NewGlobal N7oneflow7OpGraphE
I0922 19:04:53.198395  6669 global.h:37] DeleteGlobal N7oneflow7OpGraphE
I0922 19:04:53.201112  6669 oneflow.cpp:294] compile time: 6.12124e+07
I0922 19:04:53.210604  6669 oneflow.cpp:301] push_pull_plan:7.1498e+07
I0922 19:04:53.212716  6669 oneflow.cpp:326] compile and improve time: 7.38668e+07
I0922 19:04:53.215005  6669 global.h:37] DeleteGlobal N7oneflow7JobDescE
I0922 19:04:53.215080  6669 global.h:32] NewGlobal N7oneflow7JobDescE
I0922 19:04:53.215093  6669 job_desc.cpp:79] Set piece_num_of_experiment_phase 19
I0922 19:04:53.218843  6669 global.h:32] NewGlobal N7oneflow7OpGraphE
I0922 19:04:53.220796  6669 global.h:37] DeleteGlobal N7oneflow7OpGraphE
I0922 19:04:53.221268  6669 oneflow.cpp:294] compile time: 5.94176e+06
I0922 19:04:53.222291  6669 oneflow.cpp:301] push_pull_plan:7.1145e+06
I0922 19:04:53.222523  6669 oneflow.cpp:326] compile and improve time: 7.40096e+06
I0922 19:04:53.222947  6669 global.h:37] DeleteGlobal N7oneflow7JobDescE
I0922 19:04:53.222962  6669 global.h:32] NewGlobal N7oneflow7JobDescE
I0922 19:04:53.222971  6669 job_desc.cpp:79] Set piece_num_of_experiment_phase 19
I0922 19:04:53.226624  6669 global.h:32] NewGlobal N7oneflow7OpGraphE
I0922 19:04:53.228338  6669 global.h:37] DeleteGlobal N7oneflow7OpGraphE
I0922 19:04:53.228806  6669 oneflow.cpp:294] compile time: 5.58003e+06
I0922 19:04:53.229786  6669 oneflow.cpp:301] push_pull_plan:6.7415e+06
I0922 19:04:53.230046  6669 oneflow.cpp:326] compile and improve time: 7.06278e+06
I0922 19:04:53.230389  6669 global.h:37] DeleteGlobal N7oneflow7JobDescE
I0922 19:04:53.230403  6669 global.h:32] NewGlobal N7oneflow7JobDescE
I0922 19:04:53.230412  6669 job_desc.cpp:79] Set piece_num_of_experiment_phase 19
I0922 19:04:53.233959  6669 global.h:32] NewGlobal N7oneflow7OpGraphE
I0922 19:04:53.235545  6669 global.h:37] DeleteGlobal N7oneflow7OpGraphE
I0922 19:04:53.235926  6669 oneflow.cpp:294] compile time: 5.31866e+06
I0922 19:04:53.236907  6669 oneflow.cpp:301] push_pull_plan:6.44122e+06
I0922 19:04:53.237200  6669 oneflow.cpp:326] compile and improve time: 6.7753e+06
I0922 19:04:53.237490  6669 global.h:37] DeleteGlobal N7oneflow7JobDescE
I0922 19:04:53.237507  6669 global.h:32] NewGlobal N7oneflow7JobDescE
I0922 19:04:53.237516  6669 job_desc.cpp:79] Set piece_num_of_experiment_phase 19
I0922 19:04:53.241199  6669 global.h:32] NewGlobal N7oneflow7OpGraphE
I0922 19:04:53.242650  6669 global.h:37] DeleteGlobal N7oneflow7OpGraphE
I0922 19:04:53.242970  6669 oneflow.cpp:294] compile time: 5.30739e+06
I0922 19:04:53.243705  6669 oneflow.cpp:301] push_pull_plan:6.15117e+06
I0922 19:04:53.243870  6669 oneflow.cpp:326] compile and improve time: 6.34291e+06
I0922 19:04:53.244096  6669 global.h:37] DeleteGlobal N7oneflow7JobDescE
I0922 19:04:53.244132  6669 global.h:32] NewGlobal N7oneflow7JobDescE
I0922 19:04:53.244139  6669 job_desc.cpp:79] Set piece_num_of_experiment_phase 19
I0922 19:04:53.247746  6669 global.h:32] NewGlobal N7oneflow7OpGraphE
I0922 19:04:53.249147  6669 global.h:37] DeleteGlobal N7oneflow7OpGraphE
I0922 19:04:53.249449  6669 oneflow.cpp:294] compile time: 5.15251e+06
I0922 19:04:53.250200  6669 oneflow.cpp:301] push_pull_plan:6.02752e+06
I0922 19:04:53.250382  6669 oneflow.cpp:326] compile and improve time: 6.20954e+06
I0922 19:04:53.250602  6669 global.h:37] DeleteGlobal N7oneflow7JobDescE
I0922 19:04:53.250614  6669 global.h:32] NewGlobal N7oneflow7JobDescE
I0922 19:04:53.250623  6669 job_desc.cpp:79] Set piece_num_of_experiment_phase 19
I0922 19:04:53.254192  6669 global.h:32] NewGlobal N7oneflow7OpGraphE
I0922 19:04:53.255575  6669 global.h:37] DeleteGlobal N7oneflow7OpGraphE
I0922 19:04:53.255897  6669 oneflow.cpp:294] compile time: 5.08186e+06
I0922 19:04:53.256618  6669 oneflow.cpp:301] push_pull_plan:5.95302e+06
I0922 19:04:53.256801  6669 oneflow.cpp:326] compile and improve time: 6.13427e+06
I0922 19:04:53.257040  6669 global.h:37] DeleteGlobal N7oneflow7JobDescE
I0922 19:04:53.257053  6669 global.h:32] NewGlobal N7oneflow7JobDescE
I0922 19:04:53.257061  6669 job_desc.cpp:79] Set piece_num_of_experiment_phase 19
I0922 19:04:53.260593  6669 global.h:32] NewGlobal N7oneflow7OpGraphE
I0922 19:04:53.261970  6669 global.h:37] DeleteGlobal N7oneflow7OpGraphE
I0922 19:04:53.262251  6669 oneflow.cpp:294] compile time: 5.04755e+06
I0922 19:04:53.262941  6669 oneflow.cpp:301] push_pull_plan:5.84755e+06
I0922 19:04:53.263098  6669 oneflow.cpp:326] compile and improve time: 6.02598e+06
I0922 19:04:53.263329  6669 global.h:37] DeleteGlobal N7oneflow7JobDescE
I0922 19:04:53.263340  6669 global.h:32] NewGlobal N7oneflow7JobDescE
I0922 19:04:53.263348  6669 job_desc.cpp:79] Set piece_num_of_experiment_phase 19
I0922 19:04:53.266935  6669 global.h:32] NewGlobal N7oneflow7OpGraphE
I0922 19:04:53.268389  6669 global.h:37] DeleteGlobal N7oneflow7OpGraphE
I0922 19:04:53.268672  6669 oneflow.cpp:294] compile time: 5.14688e+06
I0922 19:04:53.269455  6669 oneflow.cpp:301] push_pull_plan:6.02214e+06
I0922 19:04:53.269650  6669 oneflow.cpp:326] compile and improve time: 6.26048e+06
I0922 19:04:53.269876  6669 global.h:37] DeleteGlobal N7oneflow7JobDescE
I0922 19:04:53.293215  6669 global.h:32] NewGlobal N7oneflow7JobDescE
I0922 19:04:53.293241  6669 job_desc.cpp:79] Set piece_num_of_experiment_phase 19
I0922 19:04:53.293249  6669 global.h:32] NewGlobal N7oneflow7OpGraphE
I0922 19:04:53.299343  6669 global.h:37] DeleteGlobal N7oneflow7OpGraphE
I0922 19:04:53.300086  6669 oneflow.cpp:294] compile time: 6.60634e+06
I0922 19:04:53.302549  6669 oneflow.cpp:301] push_pull_plan:9.22086e+06
I0922 19:04:53.303174  6669 oneflow.cpp:326] compile and improve time: 9.91898e+06
I0922 19:04:53.303735  6669 global.h:37] DeleteGlobal N7oneflow7JobDescE
I0922 19:04:53.432524  6669 global.h:32] NewGlobal N7oneflow10RuntimeCtxE
I0922 19:04:53.433310  6669 global.h:32] NewGlobal N7oneflow6boxing10collective24CollectiveBoxingExecutorE
I0922 19:04:53.434077  6669 global.h:32] NewGlobal N7oneflow15MemoryAllocatorE
I0922 19:04:53.434633  6669 global.h:32] NewGlobal N7oneflow8RegstMgrE
I0922 19:04:53.486065  6669 global.h:32] NewGlobal N7oneflow11ActorMsgBusE
I0922 19:04:53.486156  6669 global.h:32] NewGlobal N7oneflow9ThreadMgrE
I0922 19:04:53.486758  6669 global.h:32] NewGlobal N7oneflow6boxing10collective31CollectiveBoxingDeviceCtxPollerE
I0922 19:04:53.486896  6669 global.h:32] NewGlobal N7oneflow15RuntimeJobDescsE
I0922 19:04:53.486914  6669 job_desc.cpp:79] Set piece_num_of_experiment_phase 19
I0922 19:04:53.486925  6669 job_desc.cpp:79] Set piece_num_of_experiment_phase 19
I0922 19:04:53.486933  6669 job_desc.cpp:79] Set piece_num_of_experiment_phase 19
I0922 19:04:53.486941  6669 job_desc.cpp:79] Set piece_num_of_experiment_phase 19
I0922 19:04:53.486964  6669 job_desc.cpp:79] Set piece_num_of_experiment_phase 19
I0922 19:04:53.486984  6669 job_desc.cpp:79] Set piece_num_of_experiment_phase 19
I0922 19:04:53.486999  6669 job_desc.cpp:79] Set piece_num_of_experiment_phase 1
I0922 19:04:53.487006  6669 job_desc.cpp:79] Set piece_num_of_experiment_phase 1
I0922 19:04:53.487013  6669 job_desc.cpp:79] Set piece_num_of_experiment_phase 19
I0922 19:04:53.487021  6669 job_desc.cpp:79] Set piece_num_of_experiment_phase 19
I0922 19:04:53.487030  6669 job_desc.cpp:79] Set piece_num_of_experiment_phase 19
I0922 19:04:53.487036  6669 job_desc.cpp:79] Set piece_num_of_experiment_phase 19
I0922 19:04:53.487044  6669 job_desc.cpp:79] Set piece_num_of_experiment_phase 19
I0922 19:04:53.487052  6669 job_desc.cpp:79] Set piece_num_of_experiment_phase 19
I0922 19:04:53.487059  6669 global.h:32] NewGlobal N7oneflow7summary12EventsWriterE
I0922 19:04:53.487316  6669 runtime_context.cpp:21] NewCounter constructing_actor_cnt 756
I0922 19:04:53.487867  6766 thread.cpp:77] thread 0 construct actor 136
I0922 19:04:53.487890  6800 thread.cpp:77] thread 28 construct actor 123145302310912
I0922 19:04:53.487875  6787 thread.cpp:77] thread 15 construct actor 65970697666562
I0922 19:04:53.488587  6787 tick_compute_actor.cpp:22] actor 65970697666562 switch to &TickComputeActor::HandlerNormal
I0922 19:04:53.488636  6787 runtime_context.cpp:27] DecreaseCounter constructing_actor_cnt, current val is 755
I0922 19:04:53.488652  6787 thread.cpp:77] thread 15 construct actor 65970697666571
I0922 19:04:53.489066  6787 tick_compute_actor.cpp:22] actor 65970697666571 switch to &TickComputeActor::HandlerNormal
I0922 19:04:53.489107  6787 runtime_context.cpp:27] DecreaseCounter constructing_actor_cnt, current val is 754
I0922 19:04:53.489121  6787 thread.cpp:77] thread 15 construct actor 65970697666577
I0922 19:04:53.489506  6766 tick_compute_actor.cpp:22] actor 136 switch to &TickComputeActor::HandlerNormal
I0922 19:04:53.489547  6766 runtime_context.cpp:27] DecreaseCounter constructing_actor_cnt, current val is 753
I0922 19:04:53.489568  6787 tick_compute_actor.cpp:22] actor 65970697666577 switch to &TickComputeActor::HandlerNormal
I0922 19:04:53.489601  6766 thread.cpp:77] thread 0 construct actor 137
I0922 19:04:53.489665  6787 runtime_context.cpp:27] DecreaseCounter constructing_actor_cnt, current val is 752
I0922 19:04:53.489679  6787 thread.cpp:77] thread 15 construct actor 65970697666586
I0922 19:04:53.490100  6787 tick_compute_actor.cpp:22] actor 65970697666586 switch to &TickComputeActor::HandlerNormal
I0922 19:04:53.490135  6787 runtime_context.cpp:27] DecreaseCounter constructing_actor_cnt, current val is 751
I0922 19:04:53.490155  6787 thread.cpp:77] thread 15 construct actor 65970697666593
I0922 19:04:53.490556  6787 tick_compute_actor.cpp:22] actor 65970697666593 switch to &TickComputeActor::HandlerNormal
I0922 19:04:53.490589  6787 runtime_context.cpp:27] DecreaseCounter constructing_actor_cnt, current val is 750
I0922 19:04:53.490602  6787 thread.cpp:77] thread 15 construct actor 65970697666598
I0922 19:04:53.491012  6787 tick_compute_actor.cpp:22] actor 65970697666598 switch to &TickComputeActor::HandlerNormal
I0922 19:04:53.491052  6787 runtime_context.cpp:27] DecreaseCounter constructing_actor_cnt, current val is 749
I0922 19:04:53.491068  6787 thread.cpp:77] thread 15 construct actor 65970697666607
I0922 19:04:53.491497  6787 tick_compute_actor.cpp:22] actor 65970697666607 switch to &TickComputeActor::HandlerNormal
I0922 19:04:53.491533  6787 runtime_context.cpp:27] DecreaseCounter constructing_actor_cnt, current val is 748
I0922 19:04:53.491549  6787 thread.cpp:77] thread 15 construct actor 65970697666612
I0922 19:04:53.491559  6766 tick_compute_actor.cpp:22] actor 137 switch to &TickComputeActor::HandlerNormal
I0922 19:04:53.491586  6766 runtime_context.cpp:27] DecreaseCounter constructing_actor_cnt, current val is 747
I0922 19:04:53.491605  6766 thread.cpp:77] thread 0 construct actor 320
I0922 19:04:53.491923  6766 tick_compute_actor.cpp:22] actor 320 switch to &TickComputeActor::HandlerNormal
I0922 19:04:53.491952  6766 runtime_context.cpp:27] DecreaseCounter constructing_actor_cnt, current val is 746
I0922 19:04:53.491966  6766 thread.cpp:77] thread 0 construct actor 321
I0922 19:04:53.492091  6787 tick_compute_actor.cpp:22] actor 65970697666612 switch to &TickComputeActor::HandlerNormal
I0922 19:04:53.492120  6787 runtime_context.cpp:27] DecreaseCounter constructing_actor_cnt, current val is 745
I0922 19:04:53.492134  6787 thread.cpp:77] thread 15 construct actor 65970697666621
I0922 19:04:53.492239  6766 tick_compute_actor.cpp:22] actor 321 switch to &TickComputeActor::HandlerNormal
I0922 19:04:53.492267  6766 runtime_context.cpp:27] DecreaseCounter constructing_actor_cnt, current val is 744
I0922 19:04:53.492276  6766 thread.cpp:77] thread 0 construct actor 373
I0922 19:04:53.492574  6766 tick_compute_actor.cpp:22] actor 373 switch to &TickComputeActor::HandlerNormal
I0922 19:04:53.492604  6766 runtime_context.cpp:27] DecreaseCounter constructing_actor_cnt, current val is 743
I0922 19:04:53.492614  6766 thread.cpp:77] thread 0 construct actor 374
I0922 19:04:53.492760  6787 tick_compute_actor.cpp:22] actor 65970697666621 switch to &TickComputeActor::HandlerNormal
I0922 19:04:53.492805  6787 runtime_context.cpp:27] DecreaseCounter constructing_actor_cnt, current val is 742
I0922 19:04:53.492820  6787 thread.cpp:77] thread 15 construct actor 65970697666625
I0922 19:04:53.492944  6766 tick_compute_actor.cpp:22] actor 374 switch to &TickComputeActor::HandlerNormal
I0922 19:04:53.492972  6766 runtime_context.cpp:27] DecreaseCounter constructing_actor_cnt, current val is 741
I0922 19:04:53.492983  6766 thread.cpp:77] thread 0 construct actor 426
I0922 19:04:53.493284  6787 tick_compute_actor.cpp:22] actor 65970697666625 switch to &TickComputeActor::HandlerNormal
I0922 19:04:53.493309  6766 tick_compute_actor.cpp:22] actor 426 switch to &TickComputeActor::HandlerNormal
I0922 19:04:53.493315  6787 runtime_context.cpp:27] DecreaseCounter constructing_actor_cnt, current val is 740
I0922 19:04:53.493335  6766 runtime_context.cpp:27] DecreaseCounter constructing_actor_cnt, current val is 739
I0922 19:04:53.493376  6766 thread.cpp:77] thread 0 construct actor 427
I0922 19:04:53.493364  6787 thread.cpp:77] thread 15 construct actor 65970697666657
I0922 19:04:53.493811  6787 tick_compute_actor.cpp:22] actor 65970697666657 switch to &TickComputeActor::HandlerNormal
I0922 19:04:53.493857  6787 runtime_context.cpp:27] DecreaseCounter constructing_actor_cnt, current val is 738
I0922 19:04:53.493871  6787 thread.cpp:77] thread 15 construct actor 65970697666661
I0922 19:04:53.494279  6787 tick_compute_actor.cpp:22] actor 65970697666661 switch to &TickComputeActor::HandlerNormal
I0922 19:04:53.494321  6787 runtime_context.cpp:27] DecreaseCounter constructing_actor_cnt, current val is 737
I0922 19:04:53.494335  6787 thread.cpp:77] thread 15 construct actor 65970697666667
I0922 19:04:53.494746  6787 tick_compute_actor.cpp:22] actor 65970697666667 switch to &TickComputeActor::HandlerNormal
I0922 19:04:53.494782  6787 runtime_context.cpp:27] DecreaseCounter constructing_actor_cnt, current val is 736
I0922 19:04:53.494796  6787 thread.cpp:77] thread 15 construct actor 65970697666671
I0922 19:04:53.495218  6766 tick_compute_actor.cpp:22] actor 427 switch to &TickComputeActor::HandlerNormal
I0922 19:04:53.495240  6787 tick_compute_actor.cpp:22] actor 65970697666671 switch to &TickComputeActor::HandlerNormal
I0922 19:04:53.495246  6766 runtime_context.cpp:27] DecreaseCounter constructing_actor_cnt, current val is 735
I0922 19:04:53.495267  6766 thread.cpp:77] thread 0 construct actor 480
I0922 19:04:53.495285  6787 runtime_context.cpp:27] DecreaseCounter constructing_actor_cnt, current val is 734
I0922 19:04:53.495298  6787 thread.cpp:77] thread 15 construct actor 65970697666677
I0922 19:04:53.495708  6787 tick_compute_actor.cpp:22] actor 65970697666677 switch to &TickComputeActor::HandlerNormal
I0922 19:04:53.495752  6787 runtime_context.cpp:27] DecreaseCounter constructing_actor_cnt, current val is 733
I0922 19:04:53.495766  6787 thread.cpp:77] thread 15 construct actor 65970697666681
I0922 19:04:53.496177  6787 tick_compute_actor.cpp:22] actor 65970697666681 switch to &TickComputeActor::HandlerNormal
I0922 19:04:53.496220  6787 runtime_context.cpp:27] DecreaseCounter constructing_actor_cnt, current val is 732
I0922 19:04:53.496233  6787 thread.cpp:77] thread 15 construct actor 65970697666687
I0922 19:04:53.496647  6787 tick_compute_actor.cpp:22] actor 65970697666687 switch to &TickComputeActor::HandlerNormal
I0922 19:04:53.496680  6787 runtime_context.cpp:27] DecreaseCounter constructing_actor_cnt, current val is 731
I0922 19:04:53.496691  6787 thread.cpp:77] thread 15 construct actor 65970697666691
I0922 19:04:53.497104  6787 tick_compute_actor.cpp:22] actor 65970697666691 switch to &TickComputeActor::HandlerNormal
I0922 19:04:53.497144  6787 runtime_context.cpp:27] DecreaseCounter constructing_actor_cnt, current val is 730
I0922 19:04:53.497159  6787 thread.cpp:77] thread 15 construct actor 65970697666697
I0922 19:04:53.497596  6787 tick_compute_actor.cpp:22] actor 65970697666697 switch to &TickComputeActor::HandlerNormal
I0922 19:04:53.497646  6787 runtime_context.cpp:27] DecreaseCounter constructing_actor_cnt, current val is 729
I0922 19:04:53.497663  6787 thread.cpp:77] thread 15 construct actor 65970697666701
I0922 19:04:53.497869  6766 tick_compute_actor.cpp:22] actor 480 switch to &TickComputeActor::HandlerNormal
I0922 19:04:53.497901  6766 runtime_context.cpp:27] DecreaseCounter constructing_actor_cnt, current val is 728
I0922 19:04:53.497911  6766 thread.cpp:77] thread 0 construct actor 482
I0922 19:04:53.498179  6787 tick_compute_actor.cpp:22] actor 65970697666701 switch to &TickComputeActor::HandlerNormal
I0922 19:04:53.498216  6787 runtime_context.cpp:27] DecreaseCounter constructing_actor_cnt, current val is 727
I0922 19:04:53.498234  6766 tick_compute_actor.cpp:22] actor 482 switch to &TickComputeActor::HandlerNormal
I0922 19:04:53.498253  6766 runtime_context.cpp:27] DecreaseCounter constructing_actor_cnt, current val is 726
I0922 19:04:53.498301  6766 thread.cpp:77] thread 0 construct actor 483
I0922 19:04:53.498687  6766 tick_compute_actor.cpp:22] actor 483 switch to &TickComputeActor::HandlerNormal
I0922 19:04:53.498716  6766 runtime_context.cpp:27] DecreaseCounter constructing_actor_cnt, current val is 725
I0922 19:04:53.498726  6766 thread.cpp:77] thread 0 construct actor 485
I0922 19:04:53.499136  6766 tick_compute_actor.cpp:22] actor 485 switch to &TickComputeActor::HandlerNormal
I0922 19:04:53.499162  6766 runtime_context.cpp:27] DecreaseCounter constructing_actor_cnt, current val is 724
I0922 19:04:53.499171  6766 thread.cpp:77] thread 0 construct actor 486
I0922 19:04:53.499480  6766 tick_compute_actor.cpp:22] actor 486 switch to &TickComputeActor::HandlerNormal
I0922 19:04:53.499500  6766 runtime_context.cpp:27] DecreaseCounter constructing_actor_cnt, current val is 723
I0922 19:04:53.499511  6766 thread.cpp:77] thread 0 construct actor 488
I0922 19:04:53.500298  6766 tick_compute_actor.cpp:22] actor 488 switch to &TickComputeActor::HandlerNormal
I0922 19:04:53.500329  6766 runtime_context.cpp:27] DecreaseCounter constructing_actor_cnt, current val is 722
I0922 19:04:53.500337  6766 thread.cpp:77] thread 0 construct actor 489
I0922 19:04:53.500653  6766 tick_compute_actor.cpp:22] actor 489 switch to &TickComputeActor::HandlerNormal
I0922 19:04:53.500674  6766 runtime_context.cpp:27] DecreaseCounter constructing_actor_cnt, current val is 721
I0922 19:04:53.503649  6766 thread.cpp:77] thread 0 construct actor 0
I0922 19:04:53.503737  6783 thread.cpp:77] thread 11 construct actor 48378511622144
I0922 19:04:53.503780  6789 thread.cpp:77] thread 17 construct actor 74766790688768
I0922 19:04:53.503718  6779 thread.cpp:77] thread 7 construct actor 30786325577728
I0922 19:04:53.503726  6784 thread.cpp:77] thread 12 construct actor 52776558133248
I0922 19:04:53.503720  6782 thread.cpp:77] thread 10 construct actor 43980465111040
I0922 19:04:53.503726  6768 thread.cpp:77] thread 1 construct actor 4398046511104
I0922 19:04:53.503923  6797 thread.cpp:77] thread 25 construct actor 109951162777600
I0922 19:04:53.503720  6780 thread.cpp:77] thread 8 construct actor 35184372088832
I0922 19:04:53.503700  6778 thread.cpp:77] thread 6 construct actor 26388279066624
I0922 19:04:53.503746  6801 thread.cpp:77] thread 29 construct actor 127543348822016
I0922 19:04:53.503767  6788 thread.cpp:77] thread 16 construct actor 70368744177664
I0922 19:04:53.503772  6770 thread.cpp:77] thread 2 construct actor 8796093022208
I0922 19:04:53.503746  6785 thread.cpp:77] thread 13 construct actor 57174604644352
I0922 19:04:53.503788  6791 thread.cpp:77] thread 19 construct actor 83562883710976
I0922 19:04:53.503801  6790 thread.cpp:77] thread 18 construct actor 79164837199872
I0922 19:04:53.503718  6781 thread.cpp:77] thread 9 construct actor 39582418599936
I0922 19:04:53.504179  6799 thread.cpp:77] thread 27 construct actor 118747255799808
I0922 19:04:53.503825  6793 thread.cpp:77] thread 21 construct actor 92358976733184
I0922 19:04:53.504276  6796 thread.cpp:77] thread 24 construct actor 105553116266496
I0922 19:04:53.503906  6794 thread.cpp:77] thread 22 construct actor 96757023244288
I0922 19:04:53.503957  6787 thread.cpp:77] thread 15 construct actor 65970697666560
I0922 19:04:53.504719  6779 normal_forward_compute_actor.cpp:28] actor 30786325577728 switch to &NormalForwardCompActor::HandlerNormal
I0922 19:04:53.503989  6795 thread.cpp:77] thread 23 construct actor 101155069755392
I0922 19:04:53.505195  6779 runtime_context.cpp:27] DecreaseCounter constructing_actor_cnt, current val is 720
I0922 19:04:53.504369  6766 normal_forward_compute_actor.cpp:28] actor 0 switch to &NormalForwardCompActor::HandlerNormal
I0922 19:04:53.505225  6779 thread.cpp:77] thread 7 construct actor 30786325577729
I0922 19:04:53.505270  6801 sink_compute_actor.cpp:21] actor 127543348822016 switch to &SinkCompActor::HandlerNormal
I0922 19:04:53.505308  6801 runtime_context.cpp:27] DecreaseCounter constructing_actor_cnt, current val is 718
I0922 19:04:53.505587  6781 normal_forward_compute_actor.cpp:28] actor 39582418599936 switch to &NormalForwardCompActor::HandlerNormal
I0922 19:04:53.505213  6789 normal_forward_compute_actor.cpp:28] actor 74766790688768 switch to &NormalForwardCompActor::HandlerNormal
I0922 19:04:53.505635  6781 runtime_context.cpp:27] DecreaseCounter constructing_actor_cnt, current val is 717
I0922 19:04:53.505658  6789 runtime_context.cpp:27] DecreaseCounter constructing_actor_cnt, current val is 716
I0922 19:04:53.505259  6791 normal_forward_compute_actor.cpp:28] actor 83562883710976 switch to &NormalForwardCompActor::HandlerNormal
I0922 19:04:53.505229  6768 copy_hd_actor.cpp:23] actor 4398046511104 switch to &CopyHdActor::HandlerNormal
I0922 19:04:53.505704  6791 runtime_context.cpp:27] DecreaseCounter constructing_actor_cnt, current val is 715
I0922 19:04:53.505718  6768 runtime_context.cpp:27] DecreaseCounter constructing_actor_cnt, current val is 714
I0922 19:04:53.505731  6768 thread.cpp:77] thread 1 construct actor 4398046511105
I0922 19:04:53.505751  6783 normal_forward_compute_actor.cpp:28] actor 48378511622144 switch to &NormalForwardCompActor::HandlerNormal
I0922 19:04:53.505796  6783 runtime_context.cpp:27] DecreaseCounter constructing_actor_cnt, current val is 713
I0922 19:04:53.505808  6783 thread.cpp:77] thread 11 construct actor 48378511622145
I0922 19:04:53.505826  6784 normal_forward_compute_actor.cpp:28] actor 52776558133248 switch to &NormalForwardCompActor::HandlerNormal
I0922 19:04:53.505868  6784 runtime_context.cpp:27] DecreaseCounter constructing_actor_cnt, current val is 712
I0922 19:04:53.505892  6784 thread.cpp:77] thread 12 construct actor 52776558133249
I0922 19:04:53.505923  6799 normal_forward_compute_actor.cpp:28] actor 118747255799808 switch to &NormalForwardCompActor::HandlerNormal
I0922 19:04:53.505954  6799 runtime_context.cpp:27] DecreaseCounter constructing_actor_cnt, current val is 711
I0922 19:04:53.505985  6797 normal_forward_compute_actor.cpp:28] actor 109951162777600 switch to &NormalForwardCompActor::HandlerNormal
I0922 19:04:53.506019  6797 runtime_context.cpp:27] DecreaseCounter constructing_actor_cnt, current val is 710
I0922 19:04:53.505208  6796 normal_forward_compute_actor.cpp:28] actor 105553116266496 switch to &NormalForwardCompActor::HandlerNormal
I0922 19:04:53.506072  6796 runtime_context.cpp:27] DecreaseCounter constructing_actor_cnt, current val is 709
I0922 19:04:53.506623  6780 normal_forward_compute_actor.cpp:28] actor 35184372088832 switch to &NormalForwardCompActor::HandlerNormal
I0922 19:04:53.506649  6787 tick_compute_actor.cpp:22] actor 65970697666560 switch to &TickComputeActor::HandlerNormal
I0922 19:04:53.506667  6780 runtime_context.cpp:27] DecreaseCounter constructing_actor_cnt, current val is 708
I0922 19:04:53.506682  6780 thread.cpp:77] thread 8 construct actor 35184372088833
I0922 19:04:53.506024  6795 normal_forward_compute_actor.cpp:28] actor 101155069755392 switch to &NormalForwardCompActor::HandlerNormal
I0922 19:04:53.506040  6782 normal_forward_compute_actor.cpp:28] actor 43980465111040 switch to &NormalForwardCompActor::HandlerNormal
I0922 19:04:53.505218  6770 copy_hd_actor.cpp:23] actor 8796093022208 switch to &CopyHdActor::HandlerNormal
I0922 19:04:53.505271  6766 runtime_context.cpp:27] DecreaseCounter constructing_actor_cnt, current val is 719
I0922 19:04:53.505204  6778 normal_forward_compute_actor.cpp:28] actor 26388279066624 switch to &NormalForwardCompActor::HandlerNormal
I0922 19:04:53.506146  6790 normal_forward_compute_actor.cpp:28] actor 79164837199872 switch to &NormalForwardCompActor::HandlerNormal
I0922 19:04:53.506237  6785 normal_forward_compute_actor.cpp:28] actor 57174604644352 switch to &NormalForwardCompActor::HandlerNormal
I0922 19:04:53.506304  6794 normal_forward_compute_actor.cpp:28] actor 96757023244288 switch to &NormalForwardCompActor::HandlerNormal
I0922 19:04:53.506326  6784 normal_forward_compute_actor.cpp:28] actor 52776558133249 switch to &NormalForwardCompActor::HandlerNormal
I0922 19:04:53.506326  6793 normal_forward_compute_actor.cpp:28] actor 92358976733184 switch to &NormalForwardCompActor::HandlerNormal
I0922 19:04:53.505611  6788 normal_forward_compute_actor.cpp:28] actor 70368744177664 switch to &NormalForwardCompActor::HandlerNormal
I0922 19:04:53.506888  6793 runtime_context.cpp:27] DecreaseCounter constructing_actor_cnt, current val is 698
I0922 19:04:53.503981  6798 thread.cpp:77] thread 26 construct actor 114349209288704
I0922 19:04:53.503815  6792 thread.cpp:77] thread 20 construct actor 87960930222080
I0922 19:04:53.506687  6787 runtime_context.cpp:27] DecreaseCounter constructing_actor_cnt, current val is 707
I0922 19:04:53.506695  6783 normal_forward_compute_actor.cpp:28] actor 48378511622145 switch to &NormalForwardCompActor::HandlerNormal
I0922 19:04:53.506723  6795 runtime_context.cpp:27] DecreaseCounter constructing_actor_cnt, current val is 706
I0922 19:04:53.506989  6783 runtime_context.cpp:27] DecreaseCounter constructing_actor_cnt, current val is 696
I0922 19:04:53.506763  6766 thread.cpp:77] thread 0 construct actor 1
I0922 19:04:53.506759  6770 runtime_context.cpp:27] DecreaseCounter constructing_actor_cnt, current val is 704
I0922 19:04:53.506768  6768 copy_hd_actor.cpp:23] actor 4398046511105 switch to &CopyHdActor::HandlerNormal
I0922 19:04:53.505681  6779 normal_forward_compute_actor.cpp:28] actor 30786325577729 switch to &NormalForwardCompActor::HandlerNormal
I0922 19:04:53.507063  6768 runtime_context.cpp:27] DecreaseCounter constructing_actor_cnt, current val is 695
I0922 19:04:53.506844  6790 runtime_context.cpp:27] DecreaseCounter constructing_actor_cnt, current val is 702
I0922 19:04:53.506845  6794 runtime_context.cpp:27] DecreaseCounter constructing_actor_cnt, current val is 701
I0922 19:04:53.506851  6785 runtime_context.cpp:27] DecreaseCounter constructing_actor_cnt, current val is 700
I0922 19:04:53.506860  6784 runtime_context.cpp:27] DecreaseCounter constructing_actor_cnt, current val is 699
I0922 19:04:53.505659  6781 thread.cpp:77] thread 9 construct actor 39582418599937
I0922 19:04:53.506894  6788 runtime_context.cpp:27] DecreaseCounter constructing_actor_cnt, current val is 697
I0922 19:04:53.506961  6787 thread.cpp:77] thread 15 construct actor 65970697666563
I0922 19:04:53.506759  6782 runtime_context.cpp:27] DecreaseCounter constructing_actor_cnt, current val is 705
I0922 19:04:53.507194  6782 thread.cpp:77] thread 10 construct actor 43980465111041
I0922 19:04:53.507377  6766 normal_forward_compute_actor.cpp:28] actor 1 switch to &NormalForwardCompActor::HandlerNormal
I0922 19:04:53.507411  6766 runtime_context.cpp:27] DecreaseCounter constructing_actor_cnt, current val is 693
I0922 19:04:53.507421  6766 thread.cpp:77] thread 0 construct actor 2
I0922 19:04:53.507422  6792 normal_forward_compute_actor.cpp:28] actor 87960930222080 switch to &NormalForwardCompActor::HandlerNormal
I0922 19:04:53.507457  6792 runtime_context.cpp:27] DecreaseCounter constructing_actor_cnt, current val is 692
I0922 19:04:53.507581  6781 normal_forward_compute_actor.cpp:28] actor 39582418599937 switch to &NormalForwardCompActor::HandlerNormal
I0922 19:04:53.506793  6778 runtime_context.cpp:27] DecreaseCounter constructing_actor_cnt, current val is 703
I0922 19:04:53.507072  6780 normal_forward_compute_actor.cpp:28] actor 35184372088833 switch to &NormalForwardCompActor::HandlerNormal
I0922 19:04:53.507082  6779 runtime_context.cpp:27] DecreaseCounter constructing_actor_cnt, current val is 694
I0922 19:04:53.507086  6768 thread.cpp:77] thread 1 construct actor 4398046511106
I0922 19:04:53.507035  6770 thread.cpp:77] thread 2 construct actor 8796093022209
I0922 19:04:53.507681  6787 tick_compute_actor.cpp:22] actor 65970697666563 switch to &TickComputeActor::HandlerNormal
I0922 19:04:53.507711  6787 runtime_context.cpp:27] DecreaseCounter constructing_actor_cnt, current val is 689
I0922 19:04:53.507725  6787 thread.cpp:77] thread 15 construct actor 65970697666564
I0922 19:04:53.507948  6766 normal_forward_compute_actor.cpp:28] actor 2 switch to &NormalForwardCompActor::HandlerNormal
I0922 19:04:53.507987  6766 runtime_context.cpp:27] DecreaseCounter constructing_actor_cnt, current val is 688
I0922 19:04:53.507622  6781 runtime_context.cpp:27] DecreaseCounter constructing_actor_cnt, current val is 691
I0922 19:04:53.507627  6778 thread.cpp:77] thread 6 construct actor 26388279066625
I0922 19:04:53.507650  6779 thread.cpp:77] thread 7 construct actor 30786325577730
I0922 19:04:53.507653  6780 runtime_context.cpp:27] DecreaseCounter constructing_actor_cnt, current val is 690
I0922 19:04:53.507663  6782 normal_forward_compute_actor.cpp:28] actor 43980465111041 switch to &NormalForwardCompActor::HandlerNormal
I0922 19:04:53.508005  6787 tick_compute_actor.cpp:22] actor 65970697666564 switch to &TickComputeActor::HandlerNormal
I0922 19:04:53.508111  6782 runtime_context.cpp:27] DecreaseCounter constructing_actor_cnt, current val is 687
I0922 19:04:53.508080  6780 thread.cpp:77] thread 8 construct actor 35184372088834
I0922 19:04:53.508021  6766 thread.cpp:77] thread 0 construct actor 3
I0922 19:04:53.508438  6770 copy_hd_actor.cpp:23] actor 8796093022209 switch to &CopyHdActor::HandlerNormal
I0922 19:04:53.508478  6770 runtime_context.cpp:27] DecreaseCounter constructing_actor_cnt, current val is 685
I0922 19:04:53.507048  6798 normal_forward_compute_actor.cpp:28] actor 114349209288704 switch to &NormalForwardCompActor::HandlerNormal
I0922 19:04:53.508502  6768 copy_hd_actor.cpp:23] actor 4398046511106 switch to &CopyHdActor::HandlerNormal
I0922 19:04:53.508507  6770 thread.cpp:77] thread 2 construct actor 8796093022210
I0922 19:04:53.508517  6778 normal_forward_compute_actor.cpp:28] actor 26388279066625 switch to &NormalForwardCompActor::HandlerNormal
I0922 19:04:53.508507  6779 normal_forward_compute_actor.cpp:28] actor 30786325577730 switch to &NormalForwardCompActor::HandlerNormal
I0922 19:04:53.508597  6778 runtime_context.cpp:27] DecreaseCounter constructing_actor_cnt, current val is 682
I0922 19:04:53.508607  6766 normal_forward_compute_actor.cpp:28] actor 3 switch to &NormalForwardCompActor::HandlerNormal
I0922 19:04:53.508553  6768 runtime_context.cpp:27] DecreaseCounter constructing_actor_cnt, current val is 683
I0922 19:04:53.508616  6779 runtime_context.cpp:27] DecreaseCounter constructing_actor_cnt, current val is 681
I0922 19:04:53.508618  6778 thread.cpp:77] thread 6 construct actor 26388279066626
I0922 19:04:53.508528  6798 runtime_context.cpp:27] DecreaseCounter constructing_actor_cnt, current val is 684
I0922 19:04:53.508644  6766 runtime_context.cpp:27] DecreaseCounter constructing_actor_cnt, current val is 680
I0922 19:04:53.508646  6768 thread.cpp:77] thread 1 construct actor 4398046511107
I0922 19:04:53.508661  6779 thread.cpp:77] thread 7 construct actor 30786325577731
I0922 19:04:53.508711  6766 thread.cpp:77] thread 0 construct actor 4
I0922 19:04:53.509145  6778 normal_forward_compute_actor.cpp:28] actor 26388279066626 switch to &NormalForwardCompActor::HandlerNormal
I0922 19:04:53.509176  6779 normal_forward_compute_actor.cpp:28] actor 30786325577731 switch to &NormalForwardCompActor::HandlerNormal
I0922 19:04:53.509220  6778 runtime_context.cpp:27] DecreaseCounter constructing_actor_cnt, current val is 679
I0922 19:04:53.509238  6778 thread.cpp:77] thread 6 construct actor 26388279066627
I0922 19:04:53.509207  6766 normal_forward_compute_actor.cpp:28] actor 4 switch to &NormalForwardCompActor::HandlerNormal
I0922 19:04:53.509243  6779 runtime_context.cpp:27] DecreaseCounter constructing_actor_cnt, current val is 678
I0922 19:04:53.509279  6766 runtime_context.cpp:27] DecreaseCounter constructing_actor_cnt, current val is 677
I0922 19:04:53.509279  6779 thread.cpp:77] thread 7 construct actor 30786325577732
I0922 19:04:53.509294  6766 thread.cpp:77] thread 0 construct actor 5
I0922 19:04:53.509322  6770 copy_hd_actor.cpp:23] actor 8796093022210 switch to &CopyHdActor::HandlerNormal
I0922 19:04:53.509357  6770 runtime_context.cpp:27] DecreaseCounter constructing_actor_cnt, current val is 676
I0922 19:04:53.509371  6770 thread.cpp:77] thread 2 construct actor 8796093022211
I0922 19:04:53.509531  6768 copy_hd_actor.cpp:23] actor 4398046511107 switch to &CopyHdActor::HandlerNormal
I0922 19:04:53.509591  6768 runtime_context.cpp:27] DecreaseCounter constructing_actor_cnt, current val is 675
I0922 19:04:53.509604  6779 normal_forward_compute_actor.cpp:28] actor 30786325577732 switch to &NormalForwardCompActor::HandlerNormal
I0922 19:04:53.509639  6779 runtime_context.cpp:27] DecreaseCounter constructing_actor_cnt, current val is 674
I0922 19:04:53.509711  6778 normal_forward_compute_actor.cpp:28] actor 26388279066627 switch to &NormalForwardCompActor::HandlerNormal
I0922 19:04:53.509742  6778 runtime_context.cpp:27] DecreaseCounter constructing_actor_cnt, current val is 673
I0922 19:04:53.509753  6778 thread.cpp:77] thread 6 construct actor 26388279066628
I0922 19:04:53.509783  6766 normal_forward_compute_actor.cpp:28] actor 5 switch to &NormalForwardCompActor::HandlerNormal
I0922 19:04:53.509820  6766 runtime_context.cpp:27] DecreaseCounter constructing_actor_cnt, current val is 672
I0922 19:04:53.509835  6766 thread.cpp:77] thread 0 construct actor 6
I0922 19:04:53.510172  6770 copy_hd_actor.cpp:23] actor 8796093022211 switch to &CopyHdActor::HandlerNormal
I0922 19:04:53.510210  6770 runtime_context.cpp:27] DecreaseCounter constructing_actor_cnt, current val is 671
I0922 19:04:53.510226  6770 thread.cpp:77] thread 2 construct actor 8796093022212
I0922 19:04:53.510229  6778 normal_forward_compute_actor.cpp:28] actor 26388279066628 switch to &NormalForwardCompActor::HandlerNormal
I0922 19:04:53.510254  6766 normal_forward_compute_actor.cpp:28] actor 6 switch to &NormalForwardCompActor::HandlerNormal
I0922 19:04:53.510277  6778 runtime_context.cpp:27] DecreaseCounter constructing_actor_cnt, current val is 670
I0922 19:04:53.510289  6766 runtime_context.cpp:27] DecreaseCounter constructing_actor_cnt, current val is 669
I0922 19:04:53.510298  6778 thread.cpp:77] thread 6 construct actor 26388279066629
I0922 19:04:53.510308  6766 thread.cpp:77] thread 0 construct actor 7
I0922 19:04:53.510757  6778 normal_forward_compute_actor.cpp:28] actor 26388279066629 switch to &NormalForwardCompActor::HandlerNormal
I0922 19:04:53.510797  6778 runtime_context.cpp:27] DecreaseCounter constructing_actor_cnt, current val is 668
I0922 19:04:53.510809  6778 thread.cpp:77] thread 6 construct actor 26388279066630
I0922 19:04:53.511049  6770 copy_hd_actor.cpp:23] actor 8796093022212 switch to &CopyHdActor::HandlerNormal
I0922 19:04:53.511083  6770 runtime_context.cpp:27] DecreaseCounter constructing_actor_cnt, current val is 667
I0922 19:04:53.511096  6770 thread.cpp:77] thread 2 construct actor 8796093022213
I0922 19:04:53.511270  6778 normal_forward_compute_actor.cpp:28] actor 26388279066630 switch to &NormalForwardCompActor::HandlerNormal
I0922 19:04:53.511305  6778 runtime_context.cpp:27] DecreaseCounter constructing_actor_cnt, current val is 666
I0922 19:04:53.511318  6778 thread.cpp:77] thread 6 construct actor 26388279066631
I0922 19:04:53.511734  6766 normal_forward_compute_actor.cpp:28] actor 7 switch to &NormalForwardCompActor::HandlerNormal
I0922 19:04:53.511771  6778 normal_forward_compute_actor.cpp:28] actor 26388279066631 switch to &NormalForwardCompActor::HandlerNormal
I0922 19:04:53.511791  6766 runtime_context.cpp:27] DecreaseCounter constructing_actor_cnt, current val is 665
I0922 19:04:53.511799  6778 runtime_context.cpp:27] DecreaseCounter constructing_actor_cnt, current val is 664
I0922 19:04:53.511811  6766 thread.cpp:77] thread 0 construct actor 8
I0922 19:04:53.511821  6778 thread.cpp:77] thread 6 construct actor 26388279066632
I0922 19:04:53.511900  6770 copy_hd_actor.cpp:23] actor 8796093022213 switch to &CopyHdActor::HandlerNormal
I0922 19:04:53.511935  6770 runtime_context.cpp:27] DecreaseCounter constructing_actor_cnt, current val is 663
I0922 19:04:53.511947  6770 thread.cpp:77] thread 2 construct actor 8796093022214
I0922 19:04:53.511997  6800 wait_and_send_ids_compute_actor.cpp:27] actor 123145302310912 switch to &WaitAndSendIdsCompActor::HandlerWaitToStart
I0922 19:04:53.512035  6800 runtime_context.cpp:27] DecreaseCounter constructing_actor_cnt, current val is 662
I0922 19:04:53.512286  6778 normal_forward_compute_actor.cpp:28] actor 26388279066632 switch to &NormalForwardCompActor::HandlerNormal
I0922 19:04:53.512322  6778 runtime_context.cpp:27] DecreaseCounter constructing_actor_cnt, current val is 661
I0922 19:04:53.512326  6766 normal_forward_compute_actor.cpp:28] actor 8 switch to &NormalForwardCompActor::HandlerNormal
I0922 19:04:53.512341  6778 thread.cpp:77] thread 6 construct actor 26388279066633
I0922 19:04:53.512369  6766 runtime_context.cpp:27] DecreaseCounter constructing_actor_cnt, current val is 660
I0922 19:04:53.512384  6766 thread.cpp:77] thread 0 construct actor 9
I0922 19:04:53.512459  6770 copy_hd_actor.cpp:23] actor 8796093022214 switch to &CopyHdActor::HandlerNormal
I0922 19:04:53.512488  6770 runtime_context.cpp:27] DecreaseCounter constructing_actor_cnt, current val is 659
I0922 19:04:53.512501  6770 thread.cpp:77] thread 2 construct actor 8796093022215
I0922 19:04:53.512809  6778 normal_forward_compute_actor.cpp:28] actor 26388279066633 switch to &NormalForwardCompActor::HandlerNormal
I0922 19:04:53.512845  6778 runtime_context.cpp:27] DecreaseCounter constructing_actor_cnt, current val is 658
I0922 19:04:53.512899  6766 normal_forward_compute_actor.cpp:28] actor 9 switch to &NormalForwardCompActor::HandlerNormal
I0922 19:04:53.512928  6766 runtime_context.cpp:27] DecreaseCounter constructing_actor_cnt, current val is 657
I0922 19:04:53.512935  6766 thread.cpp:77] thread 0 construct actor 10
I0922 19:04:53.512959  6770 copy_hd_actor.cpp:23] actor 8796093022215 switch to &CopyHdActor::HandlerNormal
I0922 19:04:53.512984  6770 runtime_context.cpp:27] DecreaseCounter constructing_actor_cnt, current val is 656
I0922 19:04:53.512993  6770 thread.cpp:77] thread 2 construct actor 8796093022216
I0922 19:04:53.513233  6766 normal_forward_compute_actor.cpp:28] actor 10 switch to &NormalForwardCompActor::HandlerNormal
I0922 19:04:53.513262  6766 runtime_context.cpp:27] DecreaseCounter constructing_actor_cnt, current val is 655
I0922 19:04:53.513271  6766 thread.cpp:77] thread 0 construct actor 11
I0922 19:04:53.508127  6787 runtime_context.cpp:27] DecreaseCounter constructing_actor_cnt, current val is 686
I0922 19:04:53.513451  6770 copy_hd_actor.cpp:23] actor 8796093022216 switch to &CopyHdActor::HandlerNormal
I0922 19:04:53.513458  6787 thread.cpp:77] thread 15 construct actor 65970697666565
I0922 19:04:53.513478  6770 runtime_context.cpp:27] DecreaseCounter constructing_actor_cnt, current val is 654
I0922 19:04:53.513487  6770 thread.cpp:77] thread 2 construct actor 8796093022217
I0922 19:04:53.513936  6770 copy_hd_actor.cpp:23] actor 8796093022217 switch to &CopyHdActor::HandlerNormal
I0922 19:04:53.513940  6787 tick_compute_actor.cpp:22] actor 65970697666565 switch to &TickComputeActor::HandlerNormal
I0922 19:04:53.513965  6770 runtime_context.cpp:27] DecreaseCounter constructing_actor_cnt, current val is 653
I0922 19:04:53.513973  6770 thread.cpp:77] thread 2 construct actor 8796093022218
I0922 19:04:53.513981  6787 runtime_context.cpp:27] DecreaseCounter constructing_actor_cnt, current val is 652
I0922 19:04:53.513994  6787 thread.cpp:77] thread 15 construct actor 65970697666566
I0922 19:04:53.514173  6766 normal_forward_compute_actor.cpp:28] actor 11 switch to &NormalForwardCompActor::HandlerNormal
I0922 19:04:53.514215  6766 runtime_context.cpp:27] DecreaseCounter constructing_actor_cnt, current val is 651
I0922 19:04:53.514225  6766 thread.cpp:77] thread 0 construct actor 12
I0922 19:04:53.514437  6770 copy_hd_actor.cpp:23] actor 8796093022218 switch to &CopyHdActor::HandlerNormal
I0922 19:04:53.514464  6770 runtime_context.cpp:27] DecreaseCounter constructing_actor_cnt, current val is 650
I0922 19:04:53.514472  6770 thread.cpp:77] thread 2 construct actor 8796093022219
I0922 19:04:53.514475  6787 tick_compute_actor.cpp:22] actor 65970697666566 switch to &TickComputeActor::HandlerNormal
I0922 19:04:53.514509  6787 runtime_context.cpp:27] DecreaseCounter constructing_actor_cnt, current val is 649
I0922 19:04:53.514528  6766 normal_forward_compute_actor.cpp:28] actor 12 switch to &NormalForwardCompActor::HandlerNormal
I0922 19:04:53.514529  6787 thread.cpp:77] thread 15 construct actor 65970697666736
I0922 19:04:53.514578  6766 runtime_context.cpp:27] DecreaseCounter constructing_actor_cnt, current val is 648
I0922 19:04:53.514596  6766 thread.cpp:77] thread 0 construct actor 13
I0922 19:04:53.514884  6766 normal_forward_compute_actor.cpp:28] actor 13 switch to &NormalForwardCompActor::HandlerNormal
I0922 19:04:53.514914  6766 runtime_context.cpp:27] DecreaseCounter constructing_actor_cnt, current val is 647
I0922 19:04:53.514922  6766 thread.cpp:77] thread 0 construct actor 14
I0922 19:04:53.514950  6770 copy_hd_actor.cpp:23] actor 8796093022219 switch to &CopyHdActor::HandlerNormal
