Log file created at: 2020/09/22 18:57:53
Running on machine: pc
Log line format: [IWEF]mmdd hh:mm:ss.uuuuuu threadid file:line] msg
I0922 18:57:53.465389  5679 global.h:32] NewGlobal 14cudaDeviceProp
I0922 18:57:53.491086  5679 global.h:32] NewGlobal N7oneflow7EnvDescE
I0922 18:57:53.491118  5679 global.h:32] NewGlobal N7oneflow10CtrlServerE
I0922 18:57:53.494817  5679 ctrl_server.cpp:54] CtrlServer listening on 0.0.0.0:36905
I0922 18:57:53.494911  5679 global.h:32] NewGlobal N7oneflow10CtrlClientE
I0922 18:57:53.495671  5679 ctrl_client.cpp:202] LoadServer 127.0.0.1 Successful at 0 times
I0922 18:57:53.495720  5679 global.h:32] NewGlobal N7oneflow10MachineCtxE
I0922 18:57:53.495733  5679 machine_context.cpp:33] this machine id: 0
I0922 18:57:53.495739  5679 global.h:32] NewGlobal N7oneflow12ResourceDescE
I0922 18:57:53.495748  5679 global.h:32] NewGlobal N7oneflow12ResourceDescE
I0922 18:57:53.495752  5679 global.h:32] NewGlobal N7oneflow10ThreadPoolE
I0922 18:57:53.495887  5679 global.h:32] NewGlobal N7oneflow2vm19VirtualMachineScopeE
I0922 18:57:53.495894  5679 global.h:32] NewGlobal N7oneflow9OneflowVME
I0922 18:57:53.497069  5679 global.h:32] NewGlobal N7oneflow27EagerJobBuildAndInferCtxMgrE
I0922 18:57:53.497087  5679 global.h:32] NewGlobal N7oneflow16EagerNcclCommMgrE
I0922 18:57:53.504798  5679 job_desc.cpp:79] Set piece_num_of_experiment_phase 19
I0922 18:57:53.506264  5679 global.h:37] DeleteGlobal N7oneflow12ResourceDescE
I0922 18:57:53.506280  5679 version.cpp:62] OneFlow git version: v0.1.10-snapshot
I0922 18:57:53.506289  5679 version.cpp:70] CUDA runtime version: 10.2
I0922 18:57:53.506294  5679 version.cpp:79] cuDNN version: 7.6.5
I0922 18:57:53.506297  5679 version.cpp:90] NCCL version: 2.7.3
I0922 18:57:53.506301  5679 global.h:32] NewGlobal N7oneflow12ResourceDescE
I0922 18:57:53.506306  5679 global.h:32] NewGlobal N7oneflow6IOConfE
I0922 18:57:53.506311  5679 global.h:32] NewGlobal N7oneflow12ProfilerConfE
I0922 18:57:53.506315  5679 global.h:32] NewGlobal N7oneflow5IDMgrE
I0922 18:57:53.506623  5679 global.h:32] NewGlobal N7oneflow16AvailableMemDescE
I0922 18:57:53.506757  5679 global.h:32] NewGlobal St13unordered_mapISslSt4hashISsESt8equal_toISsESaISt4pairIKSslEEE
I0922 18:57:53.506767  5679 global.h:32] NewGlobal N7oneflow19CriticalSectionDescE
I0922 18:57:53.506770  5679 global.h:32] NewGlobal N7oneflow16InterUserJobInfoE
I0922 18:57:53.506776  5679 global.h:32] NewGlobal N7oneflow26LazyJobBuildAndInferCtxMgrE
I0922 18:57:53.506781  5679 global.h:32] NewGlobal N7oneflow18LbiDiffWatcherInfoE
I0922 18:57:53.506786  5679 global.h:32] NewGlobal N7oneflow16JobSetCompileCtxE
I0922 18:57:53.506791  5679 global.h:32] NewGlobal N7oneflow26RuntimeBufferManagersScopeE
I0922 18:57:53.506796  5679 global.h:32] NewGlobal N7oneflow9BufferMgrIlEE
I0922 18:57:53.506800  5679 global.h:32] NewGlobal N7oneflow9BufferMgrISt10shared_ptrINS_18ForeignJobInstanceEEEE
I0922 18:57:53.506804  5679 oneflow_internal_helper.h:132] NewGlobal N7oneflow25SessionGlobalObjectsScopeE
I0922 18:57:53.508363  5679 job_desc.cpp:79] Set piece_num_of_experiment_phase 1
I0922 18:57:53.508925  5679 global.h:32] NewGlobal N7oneflow7JobDescE
I0922 18:57:53.508940  5679 job_desc.cpp:79] Set piece_num_of_experiment_phase 1
I0922 18:57:53.803311  5679 global.h:37] DeleteGlobal N7oneflow7JobDescE
I0922 18:57:53.803356  5679 global.h:32] NewGlobal N7oneflow7JobDescE
I0922 18:57:53.803367  5679 job_desc.cpp:79] Set piece_num_of_experiment_phase 1
I0922 18:57:55.590219  5679 job_desc.cpp:79] Set piece_num_of_experiment_phase 1
I0922 18:57:55.777034  5679 global.h:37] DeleteGlobal N7oneflow7JobDescE
I0922 18:57:55.777973  5679 job_desc.cpp:79] Set piece_num_of_experiment_phase 1
I0922 18:57:55.778388  5679 global.h:32] NewGlobal N7oneflow7JobDescE
I0922 18:57:55.778416  5679 job_desc.cpp:79] Set piece_num_of_experiment_phase 1
I0922 18:57:56.198884  5679 global.h:37] DeleteGlobal N7oneflow7JobDescE
I0922 18:57:56.198930  5679 global.h:32] NewGlobal N7oneflow7JobDescE
I0922 18:57:56.198940  5679 job_desc.cpp:79] Set piece_num_of_experiment_phase 1
I0922 18:57:56.226981  5679 job_desc.cpp:79] Set piece_num_of_experiment_phase 1
I0922 18:57:56.446583  5679 global.h:37] DeleteGlobal N7oneflow7JobDescE
I0922 18:57:56.448690  5679 global.h:32] NewGlobal N7oneflow24InterJobReuseMemStrategyE
I0922 18:57:56.448815  5679 global.h:32] NewGlobal N7oneflow7OneflowE
I0922 18:57:56.452656  5679 job_desc.cpp:79] Set piece_num_of_experiment_phase 19
I0922 18:57:56.453189  5679 job_desc.cpp:79] Set piece_num_of_experiment_phase 19
I0922 18:57:56.453502  5679 job_desc.cpp:79] Set piece_num_of_experiment_phase 19
I0922 18:57:56.453701  5679 job_desc.cpp:79] Set piece_num_of_experiment_phase 1
I0922 18:57:56.453714  5679 job_desc.cpp:79] Set piece_num_of_experiment_phase 1
I0922 18:57:56.453722  5679 job_desc.cpp:79] Set piece_num_of_experiment_phase 19
I0922 18:57:56.453729  5679 job_desc.cpp:79] Set piece_num_of_experiment_phase 19
I0922 18:57:56.453735  5679 job_desc.cpp:79] Set piece_num_of_experiment_phase 19
I0922 18:57:56.454520  5679 global.h:32] NewGlobal N7oneflow7JobDescE
I0922 18:57:56.454535  5679 job_desc.cpp:79] Set piece_num_of_experiment_phase 1
I0922 18:57:56.790987  5679 global.h:32] NewGlobal N7oneflow7OpGraphE
I0922 18:57:56.853263  5679 global.h:37] DeleteGlobal N7oneflow7OpGraphE
I0922 18:57:56.858789  5679 oneflow.cpp:294] compile time: 4.02116e+08
I0922 18:57:56.880329  5679 oneflow.cpp:301] push_pull_plan:4.25071e+08
I0922 18:57:56.884613  5679 oneflow.cpp:326] compile and improve time: 4.29987e+08
I0922 18:57:56.889950  5679 global.h:37] DeleteGlobal N7oneflow7JobDescE
I0922 18:57:56.890120  5679 global.h:32] NewGlobal N7oneflow7JobDescE
I0922 18:57:56.890138  5679 job_desc.cpp:79] Set piece_num_of_experiment_phase 1
I0922 18:57:57.328001  5679 global.h:32] NewGlobal N7oneflow7OpGraphE
I0922 18:57:57.407495  5679 global.h:37] DeleteGlobal N7oneflow7OpGraphE
I0922 18:57:57.417317  5679 oneflow.cpp:294] compile time: 5.23123e+08
I0922 18:57:57.450918  5679 oneflow.cpp:301] push_pull_plan:5.59585e+08
I0922 18:57:57.458256  5679 oneflow.cpp:326] compile and improve time: 5.67972e+08
I0922 18:57:57.468439  5679 global.h:37] DeleteGlobal N7oneflow7JobDescE
I0922 18:57:57.468894  5679 global.h:32] NewGlobal N7oneflow7JobDescE
I0922 18:57:57.469234  5679 job_desc.cpp:79] Set piece_num_of_experiment_phase 19
I0922 18:57:57.526957  5679 global.h:32] NewGlobal N7oneflow7OpGraphE
I0922 18:57:57.539746  5679 global.h:37] DeleteGlobal N7oneflow7OpGraphE
I0922 18:57:57.543565  5679 oneflow.cpp:294] compile time: 7.27951e+07
I0922 18:57:57.554195  5679 oneflow.cpp:301] push_pull_plan:8.44659e+07
I0922 18:57:57.556363  5679 oneflow.cpp:326] compile and improve time: 8.70172e+07
I0922 18:57:57.558866  5679 global.h:37] DeleteGlobal N7oneflow7JobDescE
I0922 18:57:57.559180  5679 global.h:32] NewGlobal N7oneflow7JobDescE
I0922 18:57:57.559216  5679 job_desc.cpp:79] Set piece_num_of_experiment_phase 19
I0922 18:57:57.615694  5679 global.h:32] NewGlobal N7oneflow7OpGraphE
I0922 18:57:57.627426  5679 global.h:37] DeleteGlobal N7oneflow7OpGraphE
I0922 18:57:57.630630  5679 oneflow.cpp:294] compile time: 7.00915e+07
I0922 18:57:57.640383  5679 oneflow.cpp:301] push_pull_plan:8.07066e+07
I0922 18:57:57.642519  5679 oneflow.cpp:326] compile and improve time: 8.30943e+07
I0922 18:57:57.644596  5679 global.h:37] DeleteGlobal N7oneflow7JobDescE
I0922 18:57:57.644649  5679 global.h:32] NewGlobal N7oneflow7JobDescE
I0922 18:57:57.644661  5679 job_desc.cpp:79] Set piece_num_of_experiment_phase 19
I0922 18:57:57.691066  5679 global.h:32] NewGlobal N7oneflow7OpGraphE
I0922 18:57:57.704342  5679 global.h:37] DeleteGlobal N7oneflow7OpGraphE
I0922 18:57:57.707484  5679 oneflow.cpp:294] compile time: 6.16763e+07
I0922 18:57:57.717698  5679 oneflow.cpp:301] push_pull_plan:7.27089e+07
I0922 18:57:57.719777  5679 oneflow.cpp:326] compile and improve time: 7.50561e+07
I0922 18:57:57.722007  5679 global.h:37] DeleteGlobal N7oneflow7JobDescE
I0922 18:57:57.722072  5679 global.h:32] NewGlobal N7oneflow7JobDescE
I0922 18:57:57.722084  5679 job_desc.cpp:79] Set piece_num_of_experiment_phase 19
I0922 18:57:57.725778  5679 global.h:32] NewGlobal N7oneflow7OpGraphE
I0922 18:57:57.727687  5679 global.h:37] DeleteGlobal N7oneflow7OpGraphE
I0922 18:57:57.728116  5679 oneflow.cpp:294] compile time: 5.83194e+06
I0922 18:57:57.729131  5679 oneflow.cpp:301] push_pull_plan:6.95962e+06
I0922 18:57:57.729349  5679 oneflow.cpp:326] compile and improve time: 7.24992e+06
I0922 18:57:57.729715  5679 global.h:37] DeleteGlobal N7oneflow7JobDescE
I0922 18:57:57.729730  5679 global.h:32] NewGlobal N7oneflow7JobDescE
I0922 18:57:57.729739  5679 job_desc.cpp:79] Set piece_num_of_experiment_phase 19
I0922 18:57:57.733181  5679 global.h:32] NewGlobal N7oneflow7OpGraphE
I0922 18:57:57.734850  5679 global.h:37] DeleteGlobal N7oneflow7OpGraphE
I0922 18:57:57.735216  5679 oneflow.cpp:294] compile time: 5.29331e+06
I0922 18:57:57.736151  5679 oneflow.cpp:301] push_pull_plan:6.33984e+06
I0922 18:57:57.736361  5679 oneflow.cpp:326] compile and improve time: 6.60915e+06
I0922 18:57:57.736660  5679 global.h:37] DeleteGlobal N7oneflow7JobDescE
I0922 18:57:57.736685  5679 global.h:32] NewGlobal N7oneflow7JobDescE
I0922 18:57:57.736692  5679 job_desc.cpp:79] Set piece_num_of_experiment_phase 19
I0922 18:57:57.740185  5679 global.h:32] NewGlobal N7oneflow7OpGraphE
I0922 18:57:57.741822  5679 global.h:37] DeleteGlobal N7oneflow7OpGraphE
I0922 18:57:57.742197  5679 oneflow.cpp:294] compile time: 5.31558e+06
I0922 18:57:57.743335  5679 oneflow.cpp:301] push_pull_plan:6.59072e+06
I0922 18:57:57.743619  5679 oneflow.cpp:326] compile and improve time: 6.9143e+06
I0922 18:57:57.743945  5679 global.h:37] DeleteGlobal N7oneflow7JobDescE
I0922 18:57:57.743959  5679 global.h:32] NewGlobal N7oneflow7JobDescE
I0922 18:57:57.743968  5679 job_desc.cpp:79] Set piece_num_of_experiment_phase 19
I0922 18:57:57.747535  5679 global.h:32] NewGlobal N7oneflow7OpGraphE
I0922 18:57:57.749022  5679 global.h:37] DeleteGlobal N7oneflow7OpGraphE
I0922 18:57:57.749316  5679 oneflow.cpp:294] compile time: 5.2032e+06
I0922 18:57:57.750077  5679 oneflow.cpp:301] push_pull_plan:6.0713e+06
I0922 18:57:57.750238  5679 oneflow.cpp:326] compile and improve time: 6.25869e+06
I0922 18:57:57.750425  5679 global.h:37] DeleteGlobal N7oneflow7JobDescE
I0922 18:57:57.750438  5679 global.h:32] NewGlobal N7oneflow7JobDescE
I0922 18:57:57.750447  5679 job_desc.cpp:79] Set piece_num_of_experiment_phase 19
I0922 18:57:57.753955  5679 global.h:32] NewGlobal N7oneflow7OpGraphE
I0922 18:57:57.755374  5679 global.h:37] DeleteGlobal N7oneflow7OpGraphE
I0922 18:57:57.755643  5679 oneflow.cpp:294] compile time: 5.06445e+06
I0922 18:57:57.756352  5679 oneflow.cpp:301] push_pull_plan:5.86163e+06
I0922 18:57:57.756511  5679 oneflow.cpp:326] compile and improve time: 6.04493e+06
I0922 18:57:57.756719  5679 global.h:37] DeleteGlobal N7oneflow7JobDescE
I0922 18:57:57.756732  5679 global.h:32] NewGlobal N7oneflow7JobDescE
I0922 18:57:57.756742  5679 job_desc.cpp:79] Set piece_num_of_experiment_phase 19
I0922 18:57:57.760352  5679 global.h:32] NewGlobal N7oneflow7OpGraphE
I0922 18:57:57.761808  5679 global.h:37] DeleteGlobal N7oneflow7OpGraphE
I0922 18:57:57.762069  5679 oneflow.cpp:294] compile time: 5.20909e+06
I0922 18:57:57.762730  5679 oneflow.cpp:301] push_pull_plan:5.95686e+06
I0922 18:57:57.762887  5679 oneflow.cpp:326] compile and improve time: 6.13504e+06
I0922 18:57:57.763090  5679 global.h:37] DeleteGlobal N7oneflow7JobDescE
I0922 18:57:57.763103  5679 global.h:32] NewGlobal N7oneflow7JobDescE
I0922 18:57:57.763111  5679 job_desc.cpp:79] Set piece_num_of_experiment_phase 19
I0922 18:57:57.766589  5679 global.h:32] NewGlobal N7oneflow7OpGraphE
I0922 18:57:57.767995  5679 global.h:37] DeleteGlobal N7oneflow7OpGraphE
I0922 18:57:57.768242  5679 oneflow.cpp:294] compile time: 5.0176e+06
I0922 18:57:57.768931  5679 oneflow.cpp:301] push_pull_plan:5.78662e+06
I0922 18:57:57.769089  5679 oneflow.cpp:326] compile and improve time: 5.96736e+06
I0922 18:57:57.769279  5679 global.h:37] DeleteGlobal N7oneflow7JobDescE
I0922 18:57:57.769291  5679 global.h:32] NewGlobal N7oneflow7JobDescE
I0922 18:57:57.769299  5679 job_desc.cpp:79] Set piece_num_of_experiment_phase 19
I0922 18:57:57.772775  5679 global.h:32] NewGlobal N7oneflow7OpGraphE
I0922 18:57:57.774264  5679 global.h:37] DeleteGlobal N7oneflow7OpGraphE
I0922 18:57:57.774507  5679 oneflow.cpp:294] compile time: 5.0688e+06
I0922 18:57:57.775178  5679 oneflow.cpp:301] push_pull_plan:5.81581e+06
I0922 18:57:57.775333  5679 oneflow.cpp:326] compile and improve time: 5.99373e+06
I0922 18:57:57.775514  5679 global.h:37] DeleteGlobal N7oneflow7JobDescE
I0922 18:57:57.798374  5679 global.h:32] NewGlobal N7oneflow7JobDescE
I0922 18:57:57.798418  5679 job_desc.cpp:79] Set piece_num_of_experiment_phase 19
I0922 18:57:57.798427  5679 global.h:32] NewGlobal N7oneflow7OpGraphE
I0922 18:57:57.804473  5679 global.h:37] DeleteGlobal N7oneflow7OpGraphE
I0922 18:57:57.805214  5679 oneflow.cpp:294] compile time: 6.56461e+06
I0922 18:57:57.807601  5679 oneflow.cpp:301] push_pull_plan:9.09773e+06
I0922 18:57:57.808197  5679 oneflow.cpp:326] compile and improve time: 9.7641e+06
I0922 18:57:57.808806  5679 global.h:37] DeleteGlobal N7oneflow7JobDescE
I0922 18:57:57.932206  5679 global.h:32] NewGlobal N7oneflow10RuntimeCtxE
I0922 18:57:57.933004  5679 global.h:32] NewGlobal N7oneflow6boxing10collective24CollectiveBoxingExecutorE
I0922 18:57:57.933854  5679 global.h:32] NewGlobal N7oneflow15MemoryAllocatorE
I0922 18:57:57.934571  5679 global.h:32] NewGlobal N7oneflow8RegstMgrE
I0922 18:57:57.985757  5679 global.h:32] NewGlobal N7oneflow11ActorMsgBusE
I0922 18:57:57.985849  5679 global.h:32] NewGlobal N7oneflow9ThreadMgrE
I0922 18:57:57.986439  5679 global.h:32] NewGlobal N7oneflow6boxing10collective31CollectiveBoxingDeviceCtxPollerE
I0922 18:57:57.986557  5679 global.h:32] NewGlobal N7oneflow15RuntimeJobDescsE
I0922 18:57:57.986575  5679 job_desc.cpp:79] Set piece_num_of_experiment_phase 19
I0922 18:57:57.986588  5679 job_desc.cpp:79] Set piece_num_of_experiment_phase 19
I0922 18:57:57.986596  5679 job_desc.cpp:79] Set piece_num_of_experiment_phase 19
I0922 18:57:57.986603  5679 job_desc.cpp:79] Set piece_num_of_experiment_phase 19
I0922 18:57:57.986610  5679 job_desc.cpp:79] Set piece_num_of_experiment_phase 19
I0922 18:57:57.986618  5679 job_desc.cpp:79] Set piece_num_of_experiment_phase 19
I0922 18:57:57.986629  5679 job_desc.cpp:79] Set piece_num_of_experiment_phase 1
I0922 18:57:57.986637  5679 job_desc.cpp:79] Set piece_num_of_experiment_phase 1
I0922 18:57:57.986644  5679 job_desc.cpp:79] Set piece_num_of_experiment_phase 19
I0922 18:57:57.986651  5679 job_desc.cpp:79] Set piece_num_of_experiment_phase 19
I0922 18:57:57.986660  5679 job_desc.cpp:79] Set piece_num_of_experiment_phase 19
I0922 18:57:57.986666  5679 job_desc.cpp:79] Set piece_num_of_experiment_phase 19
I0922 18:57:57.986675  5679 job_desc.cpp:79] Set piece_num_of_experiment_phase 19
I0922 18:57:57.986682  5679 job_desc.cpp:79] Set piece_num_of_experiment_phase 19
I0922 18:57:57.986688  5679 global.h:32] NewGlobal N7oneflow7summary12EventsWriterE
I0922 18:57:57.986923  5679 runtime_context.cpp:21] NewCounter constructing_actor_cnt 756
I0922 18:57:57.987413  5802 thread.cpp:77] thread 15 construct actor 65970697666562
I0922 18:57:57.987437  5815 thread.cpp:77] thread 28 construct actor 123145302310912
I0922 18:57:57.987413  5781 thread.cpp:77] thread 0 construct actor 136
I0922 18:57:57.987869  5802 tick_compute_actor.cpp:22] actor 65970697666562 switch to &TickComputeActor::HandlerNormal
I0922 18:57:57.987911  5802 runtime_context.cpp:27] DecreaseCounter constructing_actor_cnt, current val is 755
I0922 18:57:57.987931  5802 thread.cpp:77] thread 15 construct actor 65970697666571
I0922 18:57:57.988219  5802 tick_compute_actor.cpp:22] actor 65970697666571 switch to &TickComputeActor::HandlerNormal
I0922 18:57:57.988256  5802 runtime_context.cpp:27] DecreaseCounter constructing_actor_cnt, current val is 754
I0922 18:57:57.988266  5802 thread.cpp:77] thread 15 construct actor 65970697666577
I0922 18:57:57.988543  5802 tick_compute_actor.cpp:22] actor 65970697666577 switch to &TickComputeActor::HandlerNormal
I0922 18:57:57.988569  5802 runtime_context.cpp:27] DecreaseCounter constructing_actor_cnt, current val is 753
I0922 18:57:57.988620  5802 thread.cpp:77] thread 15 construct actor 65970697666586
I0922 18:57:57.988929  5802 tick_compute_actor.cpp:22] actor 65970697666586 switch to &TickComputeActor::HandlerNormal
I0922 18:57:57.988965  5802 runtime_context.cpp:27] DecreaseCounter constructing_actor_cnt, current val is 752
I0922 18:57:57.988974  5802 thread.cpp:77] thread 15 construct actor 65970697666593
I0922 18:57:57.989167  5781 tick_compute_actor.cpp:22] actor 136 switch to &TickComputeActor::HandlerNormal
I0922 18:57:57.989202  5781 runtime_context.cpp:27] DecreaseCounter constructing_actor_cnt, current val is 751
I0922 18:57:57.989212  5781 thread.cpp:77] thread 0 construct actor 137
I0922 18:57:57.989243  5802 tick_compute_actor.cpp:22] actor 65970697666593 switch to &TickComputeActor::HandlerNormal
I0922 18:57:57.989267  5802 runtime_context.cpp:27] DecreaseCounter constructing_actor_cnt, current val is 750
I0922 18:57:57.989275  5802 thread.cpp:77] thread 15 construct actor 65970697666598
I0922 18:57:57.989533  5802 tick_compute_actor.cpp:22] actor 65970697666598 switch to &TickComputeActor::HandlerNormal
I0922 18:57:57.989570  5802 runtime_context.cpp:27] DecreaseCounter constructing_actor_cnt, current val is 749
I0922 18:57:57.989583  5802 thread.cpp:77] thread 15 construct actor 65970697666607
I0922 18:57:57.989852  5802 tick_compute_actor.cpp:22] actor 65970697666607 switch to &TickComputeActor::HandlerNormal
I0922 18:57:57.989876  5802 runtime_context.cpp:27] DecreaseCounter constructing_actor_cnt, current val is 748
I0922 18:57:57.989883  5802 thread.cpp:77] thread 15 construct actor 65970697666612
I0922 18:57:57.990156  5802 tick_compute_actor.cpp:22] actor 65970697666612 switch to &TickComputeActor::HandlerNormal
I0922 18:57:57.990190  5802 runtime_context.cpp:27] DecreaseCounter constructing_actor_cnt, current val is 747
I0922 18:57:57.990198  5802 thread.cpp:77] thread 15 construct actor 65970697666621
I0922 18:57:57.990478  5802 tick_compute_actor.cpp:22] actor 65970697666621 switch to &TickComputeActor::HandlerNormal
I0922 18:57:57.990505  5802 runtime_context.cpp:27] DecreaseCounter constructing_actor_cnt, current val is 746
I0922 18:57:57.990514  5802 thread.cpp:77] thread 15 construct actor 65970697666626
I0922 18:57:57.990770  5802 tick_compute_actor.cpp:22] actor 65970697666626 switch to &TickComputeActor::HandlerNormal
I0922 18:57:57.990801  5802 runtime_context.cpp:27] DecreaseCounter constructing_actor_cnt, current val is 745
I0922 18:57:57.990810  5802 thread.cpp:77] thread 15 construct actor 65970697666657
I0922 18:57:57.991058  5802 tick_compute_actor.cpp:22] actor 65970697666657 switch to &TickComputeActor::HandlerNormal
I0922 18:57:57.991077  5802 runtime_context.cpp:27] DecreaseCounter constructing_actor_cnt, current val is 744
I0922 18:57:57.991087  5802 thread.cpp:77] thread 15 construct actor 65970697666661
I0922 18:57:57.991274  5781 tick_compute_actor.cpp:22] actor 137 switch to &TickComputeActor::HandlerNormal
I0922 18:57:57.991307  5781 runtime_context.cpp:27] DecreaseCounter constructing_actor_cnt, current val is 743
I0922 18:57:57.991317  5781 thread.cpp:77] thread 0 construct actor 320
I0922 18:57:57.991369  5802 tick_compute_actor.cpp:22] actor 65970697666661 switch to &TickComputeActor::HandlerNormal
I0922 18:57:57.991395  5802 runtime_context.cpp:27] DecreaseCounter constructing_actor_cnt, current val is 742
I0922 18:57:57.991405  5802 thread.cpp:77] thread 15 construct actor 65970697666667
I0922 18:57:57.991703  5781 tick_compute_actor.cpp:22] actor 320 switch to &TickComputeActor::HandlerNormal
I0922 18:57:57.991736  5781 runtime_context.cpp:27] DecreaseCounter constructing_actor_cnt, current val is 741
I0922 18:57:57.991750  5781 thread.cpp:77] thread 0 construct actor 321
I0922 18:57:57.991935  5802 tick_compute_actor.cpp:22] actor 65970697666667 switch to &TickComputeActor::HandlerNormal
I0922 18:57:57.991955  5802 runtime_context.cpp:27] DecreaseCounter constructing_actor_cnt, current val is 740
I0922 18:57:57.991968  5802 thread.cpp:77] thread 15 construct actor 65970697666671
I0922 18:57:57.992002  5781 tick_compute_actor.cpp:22] actor 321 switch to &TickComputeActor::HandlerNormal
I0922 18:57:57.992031  5781 runtime_context.cpp:27] DecreaseCounter constructing_actor_cnt, current val is 739
I0922 18:57:57.992049  5781 thread.cpp:77] thread 0 construct actor 373
I0922 18:57:57.992246  5802 tick_compute_actor.cpp:22] actor 65970697666671 switch to &TickComputeActor::HandlerNormal
I0922 18:57:57.992269  5802 runtime_context.cpp:27] DecreaseCounter constructing_actor_cnt, current val is 738
I0922 18:57:57.992276  5802 thread.cpp:77] thread 15 construct actor 65970697666677
I0922 18:57:57.992539  5802 tick_compute_actor.cpp:22] actor 65970697666677 switch to &TickComputeActor::HandlerNormal
I0922 18:57:57.992566  5802 runtime_context.cpp:27] DecreaseCounter constructing_actor_cnt, current val is 737
I0922 18:57:57.992574  5802 thread.cpp:77] thread 15 construct actor 65970697666681
I0922 18:57:57.992827  5802 tick_compute_actor.cpp:22] actor 65970697666681 switch to &TickComputeActor::HandlerNormal
I0922 18:57:57.992856  5802 runtime_context.cpp:27] DecreaseCounter constructing_actor_cnt, current val is 736
I0922 18:57:57.992864  5802 thread.cpp:77] thread 15 construct actor 65970697666687
I0922 18:57:57.993116  5802 tick_compute_actor.cpp:22] actor 65970697666687 switch to &TickComputeActor::HandlerNormal
I0922 18:57:57.993141  5802 runtime_context.cpp:27] DecreaseCounter constructing_actor_cnt, current val is 735
I0922 18:57:57.993160  5802 thread.cpp:77] thread 15 construct actor 65970697666691
I0922 18:57:57.993414  5802 tick_compute_actor.cpp:22] actor 65970697666691 switch to &TickComputeActor::HandlerNormal
I0922 18:57:57.993448  5802 runtime_context.cpp:27] DecreaseCounter constructing_actor_cnt, current val is 734
I0922 18:57:57.993458  5802 thread.cpp:77] thread 15 construct actor 65970697666697
I0922 18:57:57.993710  5802 tick_compute_actor.cpp:22] actor 65970697666697 switch to &TickComputeActor::HandlerNormal
I0922 18:57:57.993731  5802 runtime_context.cpp:27] DecreaseCounter constructing_actor_cnt, current val is 733
I0922 18:57:57.993741  5802 thread.cpp:77] thread 15 construct actor 65970697666701
I0922 18:57:57.993988  5802 tick_compute_actor.cpp:22] actor 65970697666701 switch to &TickComputeActor::HandlerNormal
I0922 18:57:57.994016  5802 runtime_context.cpp:27] DecreaseCounter constructing_actor_cnt, current val is 732
I0922 18:57:57.994114  5781 tick_compute_actor.cpp:22] actor 373 switch to &TickComputeActor::HandlerNormal
I0922 18:57:57.994140  5781 runtime_context.cpp:27] DecreaseCounter constructing_actor_cnt, current val is 731
I0922 18:57:57.994151  5781 thread.cpp:77] thread 0 construct actor 374
I0922 18:57:57.996724  5781 tick_compute_actor.cpp:22] actor 374 switch to &TickComputeActor::HandlerNormal
I0922 18:57:57.996757  5781 runtime_context.cpp:27] DecreaseCounter constructing_actor_cnt, current val is 730
I0922 18:57:57.996768  5781 thread.cpp:77] thread 0 construct actor 426
I0922 18:57:57.997175  5781 tick_compute_actor.cpp:22] actor 426 switch to &TickComputeActor::HandlerNormal
I0922 18:57:57.997205  5781 runtime_context.cpp:27] DecreaseCounter constructing_actor_cnt, current val is 729
I0922 18:57:57.997216  5781 thread.cpp:77] thread 0 construct actor 427
I0922 18:57:57.997586  5781 tick_compute_actor.cpp:22] actor 427 switch to &TickComputeActor::HandlerNormal
I0922 18:57:57.997609  5781 runtime_context.cpp:27] DecreaseCounter constructing_actor_cnt, current val is 728
I0922 18:57:57.997619  5781 thread.cpp:77] thread 0 construct actor 480
I0922 18:57:57.997974  5781 tick_compute_actor.cpp:22] actor 480 switch to &TickComputeActor::HandlerNormal
I0922 18:57:57.998003  5781 runtime_context.cpp:27] DecreaseCounter constructing_actor_cnt, current val is 727
I0922 18:57:57.998014  5781 thread.cpp:77] thread 0 construct actor 482
I0922 18:57:57.999043  5781 tick_compute_actor.cpp:22] actor 482 switch to &TickComputeActor::HandlerNormal
I0922 18:57:57.999080  5781 runtime_context.cpp:27] DecreaseCounter constructing_actor_cnt, current val is 726
I0922 18:57:57.999130  5781 thread.cpp:77] thread 0 construct actor 483
I0922 18:57:57.999531  5781 tick_compute_actor.cpp:22] actor 483 switch to &TickComputeActor::HandlerNormal
I0922 18:57:57.999559  5781 runtime_context.cpp:27] DecreaseCounter constructing_actor_cnt, current val is 725
I0922 18:57:57.999570  5781 thread.cpp:77] thread 0 construct actor 485
I0922 18:57:57.999907  5781 tick_compute_actor.cpp:22] actor 485 switch to &TickComputeActor::HandlerNormal
I0922 18:57:57.999928  5781 runtime_context.cpp:27] DecreaseCounter constructing_actor_cnt, current val is 724
I0922 18:57:57.999945  5781 thread.cpp:77] thread 0 construct actor 486
I0922 18:57:58.000283  5781 tick_compute_actor.cpp:22] actor 486 switch to &TickComputeActor::HandlerNormal
I0922 18:57:58.000322  5781 runtime_context.cpp:27] DecreaseCounter constructing_actor_cnt, current val is 723
I0922 18:57:58.000332  5781 thread.cpp:77] thread 0 construct actor 488
I0922 18:57:58.001413  5781 tick_compute_actor.cpp:22] actor 488 switch to &TickComputeActor::HandlerNormal
I0922 18:57:58.001478  5781 runtime_context.cpp:27] DecreaseCounter constructing_actor_cnt, current val is 722
I0922 18:57:58.001492  5781 thread.cpp:77] thread 0 construct actor 489
I0922 18:57:58.001893  5781 tick_compute_actor.cpp:22] actor 489 switch to &TickComputeActor::HandlerNormal
I0922 18:57:58.001914  5781 runtime_context.cpp:27] DecreaseCounter constructing_actor_cnt, current val is 721
I0922 18:57:58.003932  5781 thread.cpp:77] thread 0 construct actor 0
I0922 18:57:58.003983  5793 thread.cpp:77] thread 6 construct actor 26388279066624
I0922 18:57:58.004000  5785 thread.cpp:77] thread 2 construct actor 8796093022208
I0922 18:57:58.004004  5797 thread.cpp:77] thread 10 construct actor 43980465111040
I0922 18:57:58.004005  5796 thread.cpp:77] thread 9 construct actor 39582418599936
I0922 18:57:58.004180  5809 thread.cpp:77] thread 22 construct actor 96757023244288
I0922 18:57:58.004226  5803 thread.cpp:77] thread 16 construct actor 70368744177664
I0922 18:57:58.004005  5795 thread.cpp:77] thread 8 construct actor 35184372088832
I0922 18:57:58.004025  5798 thread.cpp:77] thread 11 construct actor 48378511622144
I0922 18:57:58.004031  5800 thread.cpp:77] thread 13 construct actor 57174604644352
I0922 18:57:58.004351  5807 thread.cpp:77] thread 20 construct actor 87960930222080
I0922 18:57:58.004377  5805 thread.cpp:77] thread 18 construct actor 79164837199872
I0922 18:57:58.004038  5799 thread.cpp:77] thread 12 construct actor 52776558133248
I0922 18:57:58.004015  5783 thread.cpp:77] thread 1 construct actor 4398046511104
I0922 18:57:58.004181  5814 thread.cpp:77] thread 27 construct actor 118747255799808
I0922 18:57:58.004180  5813 thread.cpp:77] thread 26 construct actor 114349209288704
I0922 18:57:58.004180  5812 thread.cpp:77] thread 25 construct actor 109951162777600
I0922 18:57:58.004209  5811 thread.cpp:77] thread 24 construct actor 105553116266496
I0922 18:57:58.004211  5816 thread.cpp:77] thread 29 construct actor 127543348822016
I0922 18:57:58.004005  5794 thread.cpp:77] thread 7 construct actor 30786325577728
I0922 18:57:58.004247  5806 thread.cpp:77] thread 19 construct actor 83562883710976
I0922 18:57:58.004302  5808 thread.cpp:77] thread 21 construct actor 92358976733184
I0922 18:57:58.004307  5810 thread.cpp:77] thread 23 construct actor 101155069755392
I0922 18:57:58.004038  5802 thread.cpp:77] thread 15 construct actor 65970697666560
I0922 18:57:58.004653  5804 thread.cpp:77] thread 17 construct actor 74766790688768
I0922 18:57:58.004655  5793 normal_forward_compute_actor.cpp:28] actor 26388279066624 switch to &NormalForwardCompActor::HandlerNormal
I0922 18:57:58.004899  5793 runtime_context.cpp:27] DecreaseCounter constructing_actor_cnt, current val is 720
I0922 18:57:58.004926  5793 thread.cpp:77] thread 6 construct actor 26388279066625
I0922 18:57:58.005244  5796 normal_forward_compute_actor.cpp:28] actor 39582418599936 switch to &NormalForwardCompActor::HandlerNormal
I0922 18:57:58.005283  5803 normal_forward_compute_actor.cpp:28] actor 70368744177664 switch to &NormalForwardCompActor::HandlerNormal
I0922 18:57:58.005353  5803 runtime_context.cpp:27] DecreaseCounter constructing_actor_cnt, current val is 718
I0922 18:57:58.005292  5781 normal_forward_compute_actor.cpp:28] actor 0 switch to &NormalForwardCompActor::HandlerNormal
I0922 18:57:58.005551  5783 copy_hd_actor.cpp:23] actor 4398046511104 switch to &CopyHdActor::HandlerNormal
I0922 18:57:58.005591  5783 runtime_context.cpp:27] DecreaseCounter constructing_actor_cnt, current val is 717
I0922 18:57:58.005615  5783 thread.cpp:77] thread 1 construct actor 4398046511105
I0922 18:57:58.005309  5814 normal_forward_compute_actor.cpp:28] actor 118747255799808 switch to &NormalForwardCompActor::HandlerNormal
I0922 18:57:58.005755  5814 runtime_context.cpp:27] DecreaseCounter constructing_actor_cnt, current val is 716
I0922 18:57:58.005829  5781 runtime_context.cpp:27] DecreaseCounter constructing_actor_cnt, current val is 715
I0922 18:57:58.005846  5781 thread.cpp:77] thread 0 construct actor 1
I0922 18:57:58.005362  5813 normal_forward_compute_actor.cpp:28] actor 114349209288704 switch to &NormalForwardCompActor::HandlerNormal
I0922 18:57:58.005285  5796 runtime_context.cpp:27] DecreaseCounter constructing_actor_cnt, current val is 719
I0922 18:57:58.005921  5813 runtime_context.cpp:27] DecreaseCounter constructing_actor_cnt, current val is 714
I0922 18:57:58.005924  5796 thread.cpp:77] thread 9 construct actor 39582418599937
I0922 18:57:58.005712  5809 normal_forward_compute_actor.cpp:28] actor 96757023244288 switch to &NormalForwardCompActor::HandlerNormal
I0922 18:57:58.006215  5804 normal_forward_compute_actor.cpp:28] actor 74766790688768 switch to &NormalForwardCompActor::HandlerNormal
I0922 18:57:58.006225  5807 normal_forward_compute_actor.cpp:28] actor 87960930222080 switch to &NormalForwardCompActor::HandlerNormal
I0922 18:57:58.006278  5804 runtime_context.cpp:27] DecreaseCounter constructing_actor_cnt, current val is 712
I0922 18:57:58.006250  5785 copy_hd_actor.cpp:23] actor 8796093022208 switch to &CopyHdActor::HandlerNormal
I0922 18:57:58.006593  5806 normal_forward_compute_actor.cpp:28] actor 83562883710976 switch to &NormalForwardCompActor::HandlerNormal
I0922 18:57:58.006269  5783 copy_hd_actor.cpp:23] actor 4398046511105 switch to &CopyHdActor::HandlerNormal
I0922 18:57:58.006623  5806 runtime_context.cpp:27] DecreaseCounter constructing_actor_cnt, current val is 709
I0922 18:57:58.006299  5810 normal_forward_compute_actor.cpp:28] actor 101155069755392 switch to &NormalForwardCompActor::HandlerNormal
I0922 18:57:58.006640  5783 runtime_context.cpp:27] DecreaseCounter constructing_actor_cnt, current val is 708
I0922 18:57:58.006350  5816 sink_compute_actor.cpp:21] actor 127543348822016 switch to &SinkCompActor::HandlerNormal
I0922 18:57:58.006402  5798 normal_forward_compute_actor.cpp:28] actor 48378511622144 switch to &NormalForwardCompActor::HandlerNormal
I0922 18:57:58.006675  5816 runtime_context.cpp:27] DecreaseCounter constructing_actor_cnt, current val is 706
I0922 18:57:58.006258  5812 normal_forward_compute_actor.cpp:28] actor 109951162777600 switch to &NormalForwardCompActor::HandlerNormal
I0922 18:57:58.006613  5785 runtime_context.cpp:27] DecreaseCounter constructing_actor_cnt, current val is 710
I0922 18:57:58.006721  5812 runtime_context.cpp:27] DecreaseCounter constructing_actor_cnt, current val is 704
I0922 18:57:58.006237  5793 normal_forward_compute_actor.cpp:28] actor 26388279066625 switch to &NormalForwardCompActor::HandlerNormal
I0922 18:57:58.006656  5783 thread.cpp:77] thread 1 construct actor 4398046511106
I0922 18:57:58.006657  5810 runtime_context.cpp:27] DecreaseCounter constructing_actor_cnt, current val is 707
I0922 18:57:58.006412  5808 normal_forward_compute_actor.cpp:28] actor 92358976733184 switch to &NormalForwardCompActor::HandlerNormal
I0922 18:57:58.006697  5798 runtime_context.cpp:27] DecreaseCounter constructing_actor_cnt, current val is 705
I0922 18:57:58.006724  5797 normal_forward_compute_actor.cpp:28] actor 43980465111040 switch to &NormalForwardCompActor::HandlerNormal
I0922 18:57:58.006727  5785 thread.cpp:77] thread 2 construct actor 8796093022209
I0922 18:57:58.006912  5797 runtime_context.cpp:27] DecreaseCounter constructing_actor_cnt, current val is 701
I0922 18:57:58.006939  5797 thread.cpp:77] thread 10 construct actor 43980465111041
I0922 18:57:58.006238  5809 runtime_context.cpp:27] DecreaseCounter constructing_actor_cnt, current val is 713
I0922 18:57:58.006760  5795 normal_forward_compute_actor.cpp:28] actor 35184372088832 switch to &NormalForwardCompActor::HandlerNormal
I0922 18:57:58.006772  5793 runtime_context.cpp:27] DecreaseCounter constructing_actor_cnt, current val is 703
I0922 18:57:58.006803  5796 normal_forward_compute_actor.cpp:28] actor 39582418599937 switch to &NormalForwardCompActor::HandlerNormal
I0922 18:57:58.006856  5798 thread.cpp:77] thread 11 construct actor 48378511622145
I0922 18:57:58.007028  5796 runtime_context.cpp:27] DecreaseCounter constructing_actor_cnt, current val is 699
I0922 18:57:58.006858  5808 runtime_context.cpp:27] DecreaseCounter constructing_actor_cnt, current val is 702
I0922 18:57:58.006294  5807 runtime_context.cpp:27] DecreaseCounter constructing_actor_cnt, current val is 711
I0922 18:57:58.006759  5802 tick_compute_actor.cpp:22] actor 65970697666560 switch to &TickComputeActor::HandlerNormal
I0922 18:57:58.007004  5795 runtime_context.cpp:27] DecreaseCounter constructing_actor_cnt, current val is 700
I0922 18:57:58.007004  5793 thread.cpp:77] thread 6 construct actor 26388279066626
I0922 18:57:58.007095  5802 runtime_context.cpp:27] DecreaseCounter constructing_actor_cnt, current val is 698
I0922 18:57:58.007092  5795 thread.cpp:77] thread 8 construct actor 35184372088833
I0922 18:57:58.007110  5802 thread.cpp:77] thread 15 construct actor 65970697666563
I0922 18:57:58.007926  5800 normal_forward_compute_actor.cpp:28] actor 57174604644352 switch to &NormalForwardCompActor::HandlerNormal
I0922 18:57:58.007938  5794 normal_forward_compute_actor.cpp:28] actor 30786325577728 switch to &NormalForwardCompActor::HandlerNormal
I0922 18:57:58.007983  5800 runtime_context.cpp:27] DecreaseCounter constructing_actor_cnt, current val is 697
I0922 18:57:58.007964  5781 normal_forward_compute_actor.cpp:28] actor 1 switch to &NormalForwardCompActor::HandlerNormal
I0922 18:57:58.007967  5797 normal_forward_compute_actor.cpp:28] actor 43980465111041 switch to &NormalForwardCompActor::HandlerNormal
I0922 18:57:58.007977  5783 copy_hd_actor.cpp:23] actor 4398046511106 switch to &CopyHdActor::HandlerNormal
I0922 18:57:58.008070  5783 runtime_context.cpp:27] DecreaseCounter constructing_actor_cnt, current val is 693
I0922 18:57:58.008083  5783 thread.cpp:77] thread 1 construct actor 4398046511107
I0922 18:57:58.007956  5785 copy_hd_actor.cpp:23] actor 8796093022209 switch to &CopyHdActor::HandlerNormal
I0922 18:57:58.008005  5794 runtime_context.cpp:27] DecreaseCounter constructing_actor_cnt, current val is 696
I0922 18:57:58.008039  5781 runtime_context.cpp:27] DecreaseCounter constructing_actor_cnt, current val is 695
I0922 18:57:58.008047  5797 runtime_context.cpp:27] DecreaseCounter constructing_actor_cnt, current val is 694
I0922 18:57:58.008121  5802 tick_compute_actor.cpp:22] actor 65970697666563 switch to &TickComputeActor::HandlerNormal
I0922 18:57:58.008144  5785 runtime_context.cpp:27] DecreaseCounter constructing_actor_cnt, current val is 692
I0922 18:57:58.008145  5794 thread.cpp:77] thread 7 construct actor 30786325577729
I0922 18:57:58.008191  5785 thread.cpp:77] thread 2 construct actor 8796093022210
I0922 18:57:58.008159  5781 thread.cpp:77] thread 0 construct actor 2
I0922 18:57:58.008194  5802 runtime_context.cpp:27] DecreaseCounter constructing_actor_cnt, current val is 691
I0922 18:57:58.008239  5802 thread.cpp:77] thread 15 construct actor 65970697666564
I0922 18:57:58.008342  5795 normal_forward_compute_actor.cpp:28] actor 35184372088833 switch to &NormalForwardCompActor::HandlerNormal
I0922 18:57:58.008383  5795 runtime_context.cpp:27] DecreaseCounter constructing_actor_cnt, current val is 690
I0922 18:57:58.008411  5793 normal_forward_compute_actor.cpp:28] actor 26388279066626 switch to &NormalForwardCompActor::HandlerNormal
I0922 18:57:58.008442  5795 thread.cpp:77] thread 8 construct actor 35184372088834
I0922 18:57:58.008479  5793 runtime_context.cpp:27] DecreaseCounter constructing_actor_cnt, current val is 689
I0922 18:57:58.008493  5793 thread.cpp:77] thread 6 construct actor 26388279066627
I0922 18:57:58.009053  5785 copy_hd_actor.cpp:23] actor 8796093022210 switch to &CopyHdActor::HandlerNormal
I0922 18:57:58.009135  5785 runtime_context.cpp:27] DecreaseCounter constructing_actor_cnt, current val is 688
I0922 18:57:58.009155  5785 thread.cpp:77] thread 2 construct actor 8796093022211
I0922 18:57:58.009347  5802 tick_compute_actor.cpp:22] actor 65970697666564 switch to &TickComputeActor::HandlerNormal
I0922 18:57:58.009387  5802 runtime_context.cpp:27] DecreaseCounter constructing_actor_cnt, current val is 687
I0922 18:57:58.009399  5802 thread.cpp:77] thread 15 construct actor 65970697666565
I0922 18:57:58.009408  5794 normal_forward_compute_actor.cpp:28] actor 30786325577729 switch to &NormalForwardCompActor::HandlerNormal
I0922 18:57:58.009449  5793 normal_forward_compute_actor.cpp:28] actor 26388279066627 switch to &NormalForwardCompActor::HandlerNormal
I0922 18:57:58.010197  5785 copy_hd_actor.cpp:23] actor 8796093022211 switch to &CopyHdActor::HandlerNormal
I0922 18:57:58.010218  5793 runtime_context.cpp:27] DecreaseCounter constructing_actor_cnt, current val is 686
I0922 18:57:58.010233  5785 runtime_context.cpp:27] DecreaseCounter constructing_actor_cnt, current val is 685
I0922 18:57:58.010208  5781 normal_forward_compute_actor.cpp:28] actor 2 switch to &NormalForwardCompActor::HandlerNormal
I0922 18:57:58.009806  5783 copy_hd_actor.cpp:23] actor 4398046511107 switch to &CopyHdActor::HandlerNormal
I0922 18:57:58.009799  5811 normal_forward_compute_actor.cpp:28] actor 105553116266496 switch to &NormalForwardCompActor::HandlerNormal
I0922 18:57:58.010200  5805 normal_forward_compute_actor.cpp:28] actor 79164837199872 switch to &NormalForwardCompActor::HandlerNormal
I0922 18:57:58.010303  5781 runtime_context.cpp:27] DecreaseCounter constructing_actor_cnt, current val is 682
I0922 18:57:58.010255  5785 thread.cpp:77] thread 2 construct actor 8796093022212
I0922 18:57:58.010345  5798 normal_forward_compute_actor.cpp:28] actor 48378511622145 switch to &NormalForwardCompActor::HandlerNormal
I0922 18:57:58.010298  5783 runtime_context.cpp:27] DecreaseCounter constructing_actor_cnt, current val is 683
I0922 18:57:58.010241  5793 thread.cpp:77] thread 6 construct actor 26388279066628
I0922 18:57:58.010318  5781 thread.cpp:77] thread 0 construct actor 3
I0922 18:57:58.010346  5805 runtime_context.cpp:27] DecreaseCounter constructing_actor_cnt, current val is 681
I0922 18:57:58.010556  5802 tick_compute_actor.cpp:22] actor 65970697666565 switch to &TickComputeActor::HandlerNormal
I0922 18:57:58.010596  5802 runtime_context.cpp:27] DecreaseCounter constructing_actor_cnt, current val is 678
I0922 18:57:58.010617  5802 thread.cpp:77] thread 15 construct actor 65970697666566
I0922 18:57:58.010826  5799 normal_forward_compute_actor.cpp:28] actor 52776558133248 switch to &NormalForwardCompActor::HandlerNormal
I0922 18:57:58.010874  5799 runtime_context.cpp:27] DecreaseCounter constructing_actor_cnt, current val is 677
I0922 18:57:58.010887  5799 thread.cpp:77] thread 12 construct actor 52776558133249
I0922 18:57:58.010396  5798 runtime_context.cpp:27] DecreaseCounter constructing_actor_cnt, current val is 679
I0922 18:57:58.010888  5793 normal_forward_compute_actor.cpp:28] actor 26388279066628 switch to &NormalForwardCompActor::HandlerNormal
I0922 18:57:58.010888  5781 normal_forward_compute_actor.cpp:28] actor 3 switch to &NormalForwardCompActor::HandlerNormal
I0922 18:57:58.010951  5793 runtime_context.cpp:27] DecreaseCounter constructing_actor_cnt, current val is 676
I0922 18:57:58.010957  5781 runtime_context.cpp:27] DecreaseCounter constructing_actor_cnt, current val is 675
I0922 18:57:58.010354  5811 runtime_context.cpp:27] DecreaseCounter constructing_actor_cnt, current val is 680
I0922 18:57:58.010973  5793 thread.cpp:77] thread 6 construct actor 26388279066629
I0922 18:57:58.010987  5781 thread.cpp:77] thread 0 construct actor 4
I0922 18:57:58.011081  5802 tick_compute_actor.cpp:22] actor 65970697666566 switch to &TickComputeActor::HandlerNormal
I0922 18:57:58.011129  5785 copy_hd_actor.cpp:23] actor 8796093022212 switch to &CopyHdActor::HandlerNormal
I0922 18:57:58.011137  5802 runtime_context.cpp:27] DecreaseCounter constructing_actor_cnt, current val is 674
I0922 18:57:58.010267  5794 runtime_context.cpp:27] DecreaseCounter constructing_actor_cnt, current val is 684
I0922 18:57:58.011221  5799 normal_forward_compute_actor.cpp:28] actor 52776558133249 switch to &NormalForwardCompActor::HandlerNormal
I0922 18:57:58.011503  5793 normal_forward_compute_actor.cpp:28] actor 26388279066629 switch to &NormalForwardCompActor::HandlerNormal
I0922 18:57:58.011503  5781 normal_forward_compute_actor.cpp:28] actor 4 switch to &NormalForwardCompActor::HandlerNormal
I0922 18:57:58.011528  5785 runtime_context.cpp:27] DecreaseCounter constructing_actor_cnt, current val is 673
I0922 18:57:58.011539  5802 thread.cpp:77] thread 15 construct actor 65970697666736
I0922 18:57:58.011554  5794 thread.cpp:77] thread 7 construct actor 30786325577730
I0922 18:57:58.011575  5799 runtime_context.cpp:27] DecreaseCounter constructing_actor_cnt, current val is 672
I0922 18:57:58.011584  5793 runtime_context.cpp:27] DecreaseCounter constructing_actor_cnt, current val is 671
I0922 18:57:58.011595  5785 thread.cpp:77] thread 2 construct actor 8796093022213
I0922 18:57:58.011597  5781 runtime_context.cpp:27] DecreaseCounter constructing_actor_cnt, current val is 670
I0922 18:57:58.011652  5793 thread.cpp:77] thread 6 construct actor 26388279066630
I0922 18:57:58.011678  5781 thread.cpp:77] thread 0 construct actor 5
I0922 18:57:58.012079  5794 normal_forward_compute_actor.cpp:28] actor 30786325577730 switch to &NormalForwardCompActor::HandlerNormal
I0922 18:57:58.012118  5794 runtime_context.cpp:27] DecreaseCounter constructing_actor_cnt, current val is 669
I0922 18:57:58.012133  5794 thread.cpp:77] thread 7 construct actor 30786325577731
I0922 18:57:58.012166  5781 normal_forward_compute_actor.cpp:28] actor 5 switch to &NormalForwardCompActor::HandlerNormal
I0922 18:57:58.012168  5793 normal_forward_compute_actor.cpp:28] actor 26388279066630 switch to &NormalForwardCompActor::HandlerNormal
I0922 18:57:58.012204  5781 runtime_context.cpp:27] DecreaseCounter constructing_actor_cnt, current val is 668
I0922 18:57:58.012220  5793 runtime_context.cpp:27] DecreaseCounter constructing_actor_cnt, current val is 667
I0922 18:57:58.012210  5802 esac_compute_actor.cpp:36] actor 65970697666736 switch to &EsacCompActor::HandlerNormal
I0922 18:57:58.012228  5781 thread.cpp:77] thread 0 construct actor 6
I0922 18:57:58.012236  5793 thread.cpp:77] thread 6 construct actor 26388279066631
I0922 18:57:58.012269  5802 runtime_context.cpp:27] DecreaseCounter constructing_actor_cnt, current val is 666
I0922 18:57:58.012287  5802 thread.cpp:77] thread 15 construct actor 65970697666568
I0922 18:57:58.012449  5785 copy_hd_actor.cpp:23] actor 8796093022213 switch to &CopyHdActor::HandlerNormal
I0922 18:57:58.012485  5785 runtime_context.cpp:27] DecreaseCounter constructing_actor_cnt, current val is 665
I0922 18:57:58.012497  5785 thread.cpp:77] thread 2 construct actor 8796093022214
I0922 18:57:58.012609  5794 normal_forward_compute_actor.cpp:28] actor 30786325577731 switch to &NormalForwardCompActor::HandlerNormal
I0922 18:57:58.012646  5794 runtime_context.cpp:27] DecreaseCounter constructing_actor_cnt, current val is 664
I0922 18:57:58.012660  5794 thread.cpp:77] thread 7 construct actor 30786325577732
I0922 18:57:58.012730  5781 normal_forward_compute_actor.cpp:28] actor 6 switch to &NormalForwardCompActor::HandlerNormal
I0922 18:57:58.012730  5793 normal_forward_compute_actor.cpp:28] actor 26388279066631 switch to &NormalForwardCompActor::HandlerNormal
I0922 18:57:58.012748  5802 tick_compute_actor.cpp:22] actor 65970697666568 switch to &TickComputeActor::HandlerNormal
I0922 18:57:58.012770  5781 runtime_context.cpp:27] DecreaseCounter constructing_actor_cnt, current val is 663
I0922 18:57:58.012822  5815 wait_and_send_ids_compute_actor.cpp:27] actor 123145302310912 switch to &WaitAndSendIdsCompActor::HandlerWaitToStart
I0922 18:57:58.012804  5793 runtime_context.cpp:27] DecreaseCounter constructing_actor_cnt, current val is 662
I0922 18:57:58.012830  5802 runtime_context.cpp:27] DecreaseCounter constructing_actor_cnt, current val is 661
I0922 18:57:58.012835  5781 thread.cpp:77] thread 0 construct actor 7
I0922 18:57:58.012856  5793 thread.cpp:77] thread 6 construct actor 26388279066632
I0922 18:57:58.012861  5815 runtime_context.cpp:27] DecreaseCounter constructing_actor_cnt, current val is 660
I0922 18:57:58.012869  5802 thread.cpp:77] thread 15 construct actor 65970697666569
I0922 18:57:58.013015  5794 normal_forward_compute_actor.cpp:28] actor 30786325577732 switch to &NormalForwardCompActor::HandlerNormal
I0922 18:57:58.013046  5794 runtime_context.cpp:27] DecreaseCounter constructing_actor_cnt, current val is 659
I0922 18:57:58.013247  5785 copy_hd_actor.cpp:23] actor 8796093022214 switch to &CopyHdActor::HandlerNormal
I0922 18:57:58.013283  5785 runtime_context.cpp:27] DecreaseCounter constructing_actor_cnt, current val is 658
I0922 18:57:58.013301  5785 thread.cpp:77] thread 2 construct actor 8796093022215
I0922 18:57:58.013324  5793 normal_forward_compute_actor.cpp:28] actor 26388279066632 switch to &NormalForwardCompActor::HandlerNormal
I0922 18:57:58.013360  5793 runtime_context.cpp:27] DecreaseCounter constructing_actor_cnt, current val is 657
I0922 18:57:58.013373  5793 thread.cpp:77] thread 6 construct actor 26388279066633
I0922 18:57:58.013381  5802 tick_compute_actor.cpp:22] actor 65970697666569 switch to &TickComputeActor::HandlerNormal
I0922 18:57:58.013413  5802 runtime_context.cpp:27] DecreaseCounter constructing_actor_cnt, current val is 656
I0922 18:57:58.013438  5802 thread.cpp:77] thread 15 construct actor 65970697666570
I0922 18:57:58.013844  5793 normal_forward_compute_actor.cpp:28] actor 26388279066633 switch to &NormalForwardCompActor::HandlerNormal
I0922 18:57:58.013895  5793 runtime_context.cpp:27] DecreaseCounter constructing_actor_cnt, current val is 655
I0922 18:57:58.013943  5802 tick_compute_actor.cpp:22] actor 65970697666570 switch to &TickComputeActor::HandlerNormal
I0922 18:57:58.013970  5802 runtime_context.cpp:27] DecreaseCounter constructing_actor_cnt, current val is 654
I0922 18:57:58.013983  5802 thread.cpp:77] thread 15 construct actor 65970697666735
I0922 18:57:58.014111  5785 copy_hd_actor.cpp:23] actor 8796093022215 switch to &CopyHdActor::HandlerNormal
I0922 18:57:58.014144  5785 runtime_context.cpp:27] DecreaseCounter constructing_actor_cnt, current val is 653
I0922 18:57:58.014164  5785 thread.cpp:77] thread 2 construct actor 8796093022216
I0922 18:57:58.014667  5781 normal_forward_compute_actor.cpp:28] actor 7 switch to &NormalForwardCompActor::HandlerNormal
I0922 18:57:58.014730  5781 runtime_context.cpp:27] DecreaseCounter constructing_actor_cnt, current val is 652
I0922 18:57:58.014734  5802 esac_compute_actor.cpp:36] actor 65970697666735 switch to &EsacCompActor::HandlerNormal
I0922 18:57:58.014750  5781 thread.cpp:77] thread 0 construct actor 8
I0922 18:57:58.014791  5802 runtime_context.cpp:27] DecreaseCounter constructing_actor_cnt, current val is 651
I0922 18:57:58.014809  5802 thread.cpp:77] thread 15 construct actor 65970697666573
I0922 18:57:58.015015  5785 copy_hd_actor.cpp:23] actor 8796093022216 switch to &CopyHdActor::HandlerNormal
I0922 18:57:58.015048  5785 runtime_context.cpp:27] DecreaseCounter constructing_actor_cnt, current val is 650
I0922 18:57:58.015061  5785 thread.cpp:77] thread 2 construct actor 8796093022217
I0922 18:57:58.015278  5781 normal_forward_compute_actor.cpp:28] actor 8 switch to &NormalForwardCompActor::HandlerNormal
I0922 18:57:58.015306  5802 tick_compute_actor.cpp:22] actor 65970697666573 switch to &TickComputeActor::HandlerNormal
I0922 18:57:58.015314  5781 runtime_context.cpp:27] DecreaseCounter constructing_actor_cnt, current val is 649
I0922 18:57:58.015381  5802 runtime_context.cpp:27] DecreaseCounter constructing_actor_cnt, current val is 648
I0922 18:57:58.015384  5781 thread.cpp:77] thread 0 construct actor 9
I0922 18:57:58.015455  5802 thread.cpp:77] thread 15 construct actor 65970697666574
I0922 18:57:58.015897  5785 copy_hd_actor.cpp:23] actor 8796093022217 switch to &CopyHdActor::HandlerNormal
I0922 18:57:58.015942  5785 runtime_context.cpp:27] DecreaseCounter constructing_actor_cnt, current val is 647
I0922 18:57:58.015955  5785 thread.cpp:77] thread 2 construct actor 8796093022218
